MCDReforged 2.16.0 is starting up
MCDReforged is open source, u can find it here: https://github.com/MCDReforged/MCDReforged
[MCDR] [11:46:24] [MainThread/INFO]: 语言已设置为 zh_cn
[MCDR] [11:46:24] [MainThread/INFO]: 编码 / 解码方式已设置为 utf8 / utf8
[MCDR] [11:46:24] [MainThread/INFO]: 解析处理器已设置为 vanilla_handler
[MCDR] [11:46:24] [MainThread/INFO]: 插件文件夹列表:
[MCDR] [11:46:24] [MainThread/INFO]: - <local-path>
[MCDR] [11:46:24] [MainThread/INFO]: MCDReforged 2.16.0 正在启动
[MCDR] [11:46:24] [MainThread/INFO]: MCDReforged 正于 Python 3.14.5 环境中运行
[MCDR] [11:46:24] [TaskExecutor/INFO]: 刷新所有插件中
[MCDR] [11:46:24] [TaskExecutor/INFO]: 插件 prime_backup@1.13.1 已加载
[MCDR] [11:46:24] [TaskExecutor/INFO]: 插件 singleplayer_bridge@0.3.2 已加载
[MCDR] [11:46:24] [TaskExecutor/INFO]: 插件 singleplayer_prime_backup@0.3.2 已加载
[MCDR] [11:46:24] [TaskExecutor/INFO]: 插件 test_command_probe@1.0.0 已加载
[MCDR] [11:46:25] [TaskExecutor/INFO] [prime_backup]: 配置文件已加载
[MCDR] [11:46:25] [PB@6c23-init/INFO] [prime_backup]: Table db_meta does not exist, assuming newly created db, create everything
[MCDR] [11:46:25] [PB@6c23-worker-heavy/INFO] [prime_backup]: Worker heavy started
[MCDR] [11:46:25] [PB@6c23-worker-light/INFO] [prime_backup]: Worker light started
[MCDR] [11:46:25] [PB@6c23-crontab-scheduler/INFO] [prime_backup]: Scheduler started
[MCDR] [11:46:25] [PB@6c23-init/INFO] [prime_backup]: Added job "CreateDbBackupJob.run" to job store "default"
[MCDR] [11:46:25] [PB@6c23-init/INFO] [prime_backup]: Added job "VacuumSqliteJob.run" to job store "default"
[MCDR] [11:46:25] [PB@6c23-init/INFO] [prime_backup]: Added job "CompactPackJob.run" to job store "default"
[MCDR] [11:46:25] [TaskExecutor/INFO] [singleplayer_bridge]: 单人桥接已加载。MCDR 的 start/stop/kill 管理代理连接；不会关闭或重启游戏世界。
[MCDR] [11:46:25] [TaskExecutor/INFO] [singleplayer_prime_backup]: 配置文件已加载
[MCDR] [11:46:25] [TaskExecutor/INFO] [singleplayer_prime_backup]: Prime Backup 1.13.1 singleplayer adapter ready (one bound world, confirmed saves and shutdown)
[MCDR] [11:46:25] [TaskExecutor/INFO]: 使用插件 singleplayer_bridge@0.3.2 提供的解析处理器 singleplayer_bridge_handler
[MCDR] [11:46:25] [TaskExecutor/INFO]: 共加载: [37m[2m4[0m 个插件; 已加载插件数: [37m[2m6[0m
[MCDR] [11:46:25] [MainThread/INFO]: 正在启动服务端，启动参数为 ['<local-path>', '<local-path>', '--config-env']
[MCDR] [11:46:25] [MainThread/INFO]: 服务端正在以 PID 13080 运行中
[Server] Waiting for the singleplayer bridge (loopback only)...
[Server] [11:46:25] [Bridge/INFO]: Minecraft 26.3 / <local-path> World (5)
[Server] [11:46:25] [Bridge/INFO]: [Bridge] Singleplayer world ready
[Server] [11:46:25] [Bridge/INFO]: Player0 joined the singleplayer world
[MCDR] [11:46:25] [TaskExecutor/INFO]: 玩家 [96mPlayer0[0m 的权限等级已设置为 [93mowner[0m
[MCDR] [11:46:26] [mcdr-command-tree/INFO] [singleplayer_bridge]: MCDR command tree synchronized (4 chunks)
[Server] [11:46:26] [Bridge/INFO]: Command completed (result 1)
[Server] [11:46:26] [Bridge/INFO]: Command completed (result 1)
[Server] [11:46:26] [Bridge/INFO]: Command completed (result 1)
[Server] [11:46:26] [Bridge/INFO]: <Player0> !!spbridge profile import "New World (4)" --replace
[Server] [11:46:26] [Bridge/INFO]: Command completed (result 1)
[Server] [11:46:26] [Bridge/INFO]: Player0 left the singleplayer world
[Server] [11:46:26] [Bridge/INFO]: Player0 left the game
[MCDR] [11:46:26] [CheckUpdate/INFO]: MCDR 已为最新版
[Server] [11:46:26] [Bridge/INFO]: [Bridge] World closed; control session ended
[MCDR] [11:46:26] [MainThread/INFO]: 服务器进程已停止，返回代码为 0
[MCDR] [11:46:26] [MainThread/INFO]: 服务端已关闭
[MCDR] [11:46:27] [MainThread/INFO]: 正在关闭 MCDR
[MCDR] [11:46:27] [TaskExecutor/INFO] [prime_backup]: Shutting down everything...
[MCDR] [11:46:27] [PB@6c23-shutdown/INFO] [prime_backup]: Scheduler has been shut down
[MCDR] [11:46:27] [PB@6c23-worker-heavy/INFO] [prime_backup]: Worker heavy stopped
[MCDR] [11:46:27] [PB@6c23-worker-light/INFO] [prime_backup]: Worker light stopped
[MCDR] [11:46:27] [TaskExecutor/INFO] [prime_backup]: Shutdown completes
[MCDR] [11:46:27] [MainThread/INFO]: bye
