MCDReforged 2.16.0 is starting up
MCDReforged is open source, u can find it here: https://github.com/MCDReforged/MCDReforged
[MCDR] [12:46:21] [MainThread/INFO]: 语言已设置为 zh_cn
[MCDR] [12:46:21] [MainThread/INFO]: 编码 / 解码方式已设置为 utf8 / utf8
[MCDR] [12:46:21] [MainThread/INFO]: 解析处理器已设置为 vanilla_handler
[MCDR] [12:46:21] [MainThread/INFO]: 插件文件夹列表:
[MCDR] [12:46:21] [MainThread/INFO]: - <local-path>
[MCDR] [12:46:21] [MainThread/INFO]: MCDReforged 2.16.0 正在启动
[MCDR] [12:46:21] [MainThread/INFO]: MCDReforged 正于 Python 3.14.5 环境中运行
[MCDR] [12:46:21] [TaskExecutor/INFO]: 刷新所有插件中
[MCDR] [12:46:21] [TaskExecutor/INFO]: 插件 prime_backup@1.13.1 已加载
[MCDR] [12:46:21] [TaskExecutor/INFO]: 插件 singleplayer_bridge@0.3.3 已加载
[MCDR] [12:46:21] [TaskExecutor/INFO]: 插件 singleplayer_prime_backup@0.3.3 已加载
[MCDR] [12:46:21] [TaskExecutor/INFO]: 插件 test_command_probe@1.0.0 已加载
[MCDR] [12:46:22] [TaskExecutor/INFO] [prime_backup]: 配置文件已加载
[MCDR] [12:46:22] [PB@30c9-init/INFO] [prime_backup]: Table db_meta does not exist, assuming newly created db, create everything
[MCDR] [12:46:23] [PB@30c9-worker-heavy/INFO] [prime_backup]: Worker heavy started
[MCDR] [12:46:23] [PB@30c9-worker-light/INFO] [prime_backup]: Worker light started
[MCDR] [12:46:23] [PB@30c9-crontab-scheduler/INFO] [prime_backup]: Scheduler started
[MCDR] [12:46:23] [PB@30c9-init/INFO] [prime_backup]: Added job "CreateDbBackupJob.run" to job store "default"
[MCDR] [12:46:23] [PB@30c9-init/INFO] [prime_backup]: Added job "VacuumSqliteJob.run" to job store "default"
[MCDR] [12:46:23] [PB@30c9-init/INFO] [prime_backup]: Added job "CompactPackJob.run" to job store "default"
[MCDR] [12:46:23] [TaskExecutor/INFO] [singleplayer_bridge]: 单人桥接已加载。MCDR 的 start/stop/kill 管理代理连接；不会关闭或重启游戏世界。
[MCDR] [12:46:23] [TaskExecutor/INFO] [singleplayer_prime_backup]: 配置文件已加载
[MCDR] [12:46:23] [TaskExecutor/INFO] [singleplayer_prime_backup]: Prime Backup 1.13.1 singleplayer adapter ready (one bound world, confirmed saves and shutdown)
[MCDR] [12:46:23] [TaskExecutor/INFO]: 使用插件 singleplayer_bridge@0.3.3 提供的解析处理器 singleplayer_bridge_handler
[MCDR] [12:46:23] [TaskExecutor/INFO]: 共加载: [37m[2m4[0m 个插件; 已加载插件数: [37m[2m6[0m
[MCDR] [12:46:23] [MainThread/INFO]: 正在启动服务端，启动参数为 ['<local-path>', '<local-path>', '--config-env']
[MCDR] [12:46:23] [MainThread/INFO]: 服务端正在以 PID 42880 运行中
[Server] Waiting for the singleplayer bridge (loopback only)...
[Server] [12:46:23] [Bridge/INFO]: Minecraft 26.3 / <local-path> World (4)
[Server] [12:46:23] [Bridge/INFO]: [Bridge] Singleplayer world ready
[Server] [12:46:23] [Bridge/INFO]: Player0 joined the singleplayer world
[MCDR] [12:46:23] [TaskExecutor/INFO]: 玩家 [96mPlayer0[0m 的权限等级已设置为 [93mowner[0m
[MCDR] [12:46:23] [mcdr-command-tree/INFO] [singleplayer_bridge]: MCDR command tree synchronized (4 chunks)
[Server] [12:46:23] [Bridge/INFO]: Command completed (result 1)
[Server] [12:46:23] [Bridge/INFO]: Command completed (result 1)
[Server] [12:46:23] [Bridge/INFO]: Command completed (result 1)
[Server] [12:46:23] [Bridge/INFO]: <Player0> !!spbridge config backup off
[MCDR] [12:46:23] [TaskExecutor/INFO]: 正在重载插件 prime_backup@1.13.1
[MCDR] [12:46:23] [TaskExecutor/INFO]: Collected 2x extra plugins for reload due to dependency associations: singleplayer_prime_backup@0.3.3, test_command_probe@1.0.0
[MCDR] [12:46:23] [TaskExecutor/INFO]: 插件 test_command_probe@1.0.0 已卸载
[MCDR] [12:46:23] [TaskExecutor/INFO]: 插件 singleplayer_prime_backup@0.3.3 已卸载
[MCDR] [12:46:23] [TaskExecutor/INFO] [prime_backup]: Shutting down everything...
[MCDR] [12:46:23] [PB@30c9-shutdown/INFO] [prime_backup]: Scheduler has been shut down
[MCDR] [12:46:23] [PB@30c9-worker-heavy/INFO] [prime_backup]: Worker heavy stopped
[MCDR] [12:46:23] [PB@30c9-worker-light/INFO] [prime_backup]: Worker light stopped
[MCDR] [12:46:23] [TaskExecutor/INFO] [prime_backup]: Shutdown completes
[MCDR] [12:46:23] [TaskExecutor/INFO]: 插件 prime_backup@1.13.1 已卸载
[MCDR] [12:46:23] [TaskExecutor/INFO]: 插件 prime_backup@1.13.1 已重载
[MCDR] [12:46:23] [TaskExecutor/INFO]: 插件 singleplayer_prime_backup@0.3.3 已重载
[MCDR] [12:46:24] [TaskExecutor/INFO]: 插件 test_command_probe@1.0.0 已重载
[MCDR] [12:46:24] [CheckUpdate/INFO]: MCDR 已为最新版
[MCDR] [12:46:25] [TaskExecutor/INFO] [prime_backup]: 配置文件已加载
[MCDR] [12:46:25] [TaskExecutor/WARNING] [prime_backup]: Prime Backup is disabled by config
[MCDR] [12:46:25] [TaskExecutor/INFO] [singleplayer_prime_backup]: 配置文件已加载
[MCDR] [12:46:25] [TaskExecutor/INFO] [singleplayer_prime_backup]: Prime Backup 1.13.1 singleplayer adapter ready (one bound world, confirmed saves and shutdown)
[Server] [12:46:25] [Bridge/INFO]: Command completed (result 1)
[Server] [12:46:25] [Bridge/INFO]: <Player0> !!spbridge config backup on
[MCDR] [12:46:25] [TaskExecutor/INFO]: 正在重载插件 prime_backup@1.13.1
[MCDR] [12:46:25] [TaskExecutor/INFO]: Collected 2x extra plugins for reload due to dependency associations: singleplayer_prime_backup@0.3.3, test_command_probe@1.0.0
[MCDR] [12:46:25] [TaskExecutor/INFO]: 插件 test_command_probe@1.0.0 已卸载
[MCDR] [12:46:25] [TaskExecutor/INFO]: 插件 singleplayer_prime_backup@0.3.3 已卸载
[MCDR] [12:46:25] [TaskExecutor/INFO] [prime_backup]: Shutting down everything...
[MCDR] [12:46:25] [TaskExecutor/INFO] [prime_backup]: Shutdown completes
[MCDR] [12:46:25] [TaskExecutor/INFO]: 插件 prime_backup@1.13.1 已卸载
[MCDR] [12:46:25] [TaskExecutor/INFO]: 插件 prime_backup@1.13.1 已重载
[MCDR] [12:46:25] [TaskExecutor/INFO]: 插件 singleplayer_prime_backup@0.3.3 已重载
[MCDR] [12:46:25] [TaskExecutor/INFO]: 插件 test_command_probe@1.0.0 已重载
[MCDR] [12:46:25] [mcdr-command-tree/INFO] [singleplayer_bridge]: MCDR command tree synchronized (2 chunks)
[MCDR] [12:46:27] [TaskExecutor/INFO] [prime_backup]: 配置文件已加载
[MCDR] [12:46:27] [PB@fac7-worker-heavy/INFO] [prime_backup]: Worker heavy started
[MCDR] [12:46:27] [PB@fac7-worker-light/INFO] [prime_backup]: Worker light started
[MCDR] [12:46:27] [PB@fac7-crontab-scheduler/INFO] [prime_backup]: Scheduler started
[MCDR] [12:46:27] [PB@fac7-init/INFO] [prime_backup]: Added job "CreateDbBackupJob.run" to job store "default"
[MCDR] [12:46:27] [PB@fac7-init/INFO] [prime_backup]: Added job "VacuumSqliteJob.run" to job store "default"
[MCDR] [12:46:27] [PB@fac7-init/INFO] [prime_backup]: Added job "CompactPackJob.run" to job store "default"
[MCDR] [12:46:27] [TaskExecutor/INFO] [singleplayer_prime_backup]: 配置文件已加载
[MCDR] [12:46:27] [TaskExecutor/INFO] [singleplayer_prime_backup]: Prime Backup 1.13.1 singleplayer adapter ready (one bound world, confirmed saves and shutdown)
[Server] [12:46:27] [Bridge/INFO]: Command completed (result 1)
[Server] [12:46:27] [Bridge/INFO]: <Player0> !!spbridge config auto_backup on
[MCDR] [12:46:27] [TaskExecutor/INFO]: 正在重载插件 prime_backup@1.13.1
[MCDR] [12:46:27] [TaskExecutor/INFO]: Collected 2x extra plugins for reload due to dependency associations: singleplayer_prime_backup@0.3.3, test_command_probe@1.0.0
[MCDR] [12:46:27] [TaskExecutor/INFO]: 插件 test_command_probe@1.0.0 已卸载
[MCDR] [12:46:27] [TaskExecutor/INFO]: 插件 singleplayer_prime_backup@0.3.3 已卸载
[MCDR] [12:46:27] [TaskExecutor/INFO] [prime_backup]: Shutting down everything...
[MCDR] [12:46:27] [PB@fac7-shutdown/INFO] [prime_backup]: Scheduler has been shut down
[MCDR] [12:46:27] [PB@fac7-worker-heavy/INFO] [prime_backup]: Worker heavy stopped
[MCDR] [12:46:27] [PB@fac7-worker-light/INFO] [prime_backup]: Worker light stopped
[MCDR] [12:46:27] [TaskExecutor/INFO] [prime_backup]: Shutdown completes
[MCDR] [12:46:27] [TaskExecutor/INFO]: 插件 prime_backup@1.13.1 已卸载
[MCDR] [12:46:27] [TaskExecutor/INFO]: 插件 prime_backup@1.13.1 已重载
[MCDR] [12:46:27] [TaskExecutor/INFO]: 插件 singleplayer_prime_backup@0.3.3 已重载
[MCDR] [12:46:27] [TaskExecutor/INFO]: 插件 test_command_probe@1.0.0 已重载
[MCDR] [12:46:27] [mcdr-command-tree/INFO] [singleplayer_bridge]: MCDR command tree synchronized (4 chunks)
[MCDR] [12:46:28] [TaskExecutor/INFO] [prime_backup]: 配置文件已加载
[MCDR] [12:46:28] [PB@d8b2-worker-heavy/INFO] [prime_backup]: Worker heavy started
[MCDR] [12:46:28] [PB@d8b2-worker-light/INFO] [prime_backup]: Worker light started
[MCDR] [12:46:28] [PB@d8b2-crontab-scheduler/INFO] [prime_backup]: Scheduler started
[MCDR] [12:46:28] [PB@d8b2-init/INFO] [prime_backup]: Added job "CreateDbBackupJob.run" to job store "default"
[MCDR] [12:46:28] [PB@d8b2-init/INFO] [prime_backup]: Added job "ScheduledBackupJob.run" to job store "default"
[MCDR] [12:46:28] [PB@d8b2-init/INFO] [prime_backup]: Added job "VacuumSqliteJob.run" to job store "default"
[MCDR] [12:46:28] [PB@d8b2-init/INFO] [prime_backup]: Added job "CompactPackJob.run" to job store "default"
[MCDR] [12:46:28] [TaskExecutor/INFO] [singleplayer_prime_backup]: 配置文件已加载
[MCDR] [12:46:28] [TaskExecutor/INFO] [singleplayer_prime_backup]: Prime Backup 1.13.1 singleplayer adapter ready (one bound world, confirmed saves and shutdown)
[Server] [12:46:28] [Bridge/INFO]: Command completed (result 1)
[Server] [12:46:28] [Bridge/INFO]: <Player0> !!spbridge config auto_delete on
[MCDR] [12:46:28] [TaskExecutor/INFO]: 正在重载插件 prime_backup@1.13.1
[MCDR] [12:46:28] [TaskExecutor/INFO]: Collected 2x extra plugins for reload due to dependency associations: singleplayer_prime_backup@0.3.3, test_command_probe@1.0.0
[MCDR] [12:46:28] [TaskExecutor/INFO]: 插件 test_command_probe@1.0.0 已卸载
[MCDR] [12:46:29] [TaskExecutor/INFO]: 插件 singleplayer_prime_backup@0.3.3 已卸载
[MCDR] [12:46:29] [TaskExecutor/INFO] [prime_backup]: Shutting down everything...
[MCDR] [12:46:29] [PB@d8b2-shutdown/INFO] [prime_backup]: Scheduler has been shut down
[MCDR] [12:46:29] [PB@d8b2-worker-heavy/INFO] [prime_backup]: Worker heavy stopped
[MCDR] [12:46:29] [PB@d8b2-worker-light/INFO] [prime_backup]: Worker light stopped
[MCDR] [12:46:29] [TaskExecutor/INFO] [prime_backup]: Shutdown completes
[MCDR] [12:46:29] [TaskExecutor/INFO]: 插件 prime_backup@1.13.1 已卸载
[MCDR] [12:46:29] [TaskExecutor/INFO]: 插件 prime_backup@1.13.1 已重载
[MCDR] [12:46:29] [TaskExecutor/INFO]: 插件 singleplayer_prime_backup@0.3.3 已重载
[MCDR] [12:46:29] [TaskExecutor/INFO]: 插件 test_command_probe@1.0.0 已重载
[MCDR] [12:46:30] [TaskExecutor/INFO] [prime_backup]: 配置文件已加载
[MCDR] [12:46:30] [PB@3766-worker-heavy/INFO] [prime_backup]: Worker heavy started
[MCDR] [12:46:30] [PB@3766-worker-light/INFO] [prime_backup]: Worker light started
[MCDR] [12:46:30] [PB@3766-crontab-scheduler/INFO] [prime_backup]: Scheduler started
[MCDR] [12:46:30] [PB@3766-init/INFO] [prime_backup]: Added job "CreateDbBackupJob.run" to job store "default"
[MCDR] [12:46:30] [PB@3766-init/INFO] [prime_backup]: Added job "PruneBackupJob.run" to job store "default"
[MCDR] [12:46:30] [PB@3766-init/INFO] [prime_backup]: Added job "ScheduledBackupJob.run" to job store "default"
[MCDR] [12:46:30] [PB@3766-init/INFO] [prime_backup]: Added job "VacuumSqliteJob.run" to job store "default"
[MCDR] [12:46:30] [PB@3766-init/INFO] [prime_backup]: Added job "CompactPackJob.run" to job store "default"
[MCDR] [12:46:30] [TaskExecutor/INFO] [singleplayer_prime_backup]: 配置文件已加载
[MCDR] [12:46:30] [TaskExecutor/INFO] [singleplayer_prime_backup]: Prime Backup 1.13.1 singleplayer adapter ready (one bound world, confirmed saves and shutdown)
[Server] [12:46:30] [Bridge/INFO]: Command completed (result 1)
[Server] [12:46:30] [Bridge/INFO]: <Player0> !!extra_alias nested leaf alpha
[Server] [12:46:30] [Bridge/INFO]: Command completed (result 1)
[Server] [12:46:30] [Bridge/INFO]: <Player0> !!MCDR plugin unload test_command_probe
[MCDR] [12:46:30] [TaskExecutor/INFO]: 正在卸载插件 test_command_probe@1.0.0
[MCDR] [12:46:30] [TaskExecutor/INFO]: 插件 test_command_probe@1.0.0 已卸载
[Server] [12:46:30] [Bridge/INFO]: Command completed (result 1)
[Server] [12:46:30] [Bridge/INFO]: Command completed (result 1)
[MCDR] [12:46:30] [mcdr-command-tree/INFO] [singleplayer_bridge]: MCDR command tree synchronized (4 chunks)
[Server] [12:46:30] [Bridge/INFO]: <Player0> !!MCDR plugin load test_command_probe.py
[MCDR] [12:46:30] [TaskExecutor/INFO]: 正在从 <local-path> 加载插件
[MCDR] [12:46:30] [TaskExecutor/INFO]: 插件 test_command_probe@1.0.0 已加载
[Server] [12:46:30] [Bridge/INFO]: Command completed (result 1)
[Server] [12:46:30] [Bridge/INFO]: Command completed (result 1)
[MCDR] [12:46:31] [mcdr-command-tree/INFO] [singleplayer_bridge]: MCDR command tree synchronized (4 chunks)
[Server] [12:46:31] [Bridge/INFO]: <Player0> !!MCDR plugin reload test_command_probe
[MCDR] [12:46:31] [TaskExecutor/INFO]: 正在重载插件 test_command_probe@1.0.0
[MCDR] [12:46:31] [TaskExecutor/INFO]: 插件 test_command_probe@1.0.0 已卸载
[MCDR] [12:46:31] [TaskExecutor/INFO]: 插件 test_command_probe@1.0.0 已重载
[Server] [12:46:31] [Bridge/INFO]: Command completed (result 1)
[Server] [12:46:31] [Bridge/INFO]: Command completed (result 1)
[MCDR] [12:46:31] [mcdr-command-tree/INFO] [singleplayer_bridge]: MCDR command tree synchronized (4 chunks)
[Server] [12:46:32] [Bridge/INFO]: <Player0> !!pb make automatic-test
[MCDR] [12:46:32] [PB@3766-worker-heavy/INFO] [prime_backup]: [36m[PB][0m 创建备份中...请稍等
[Server] [12:46:32] [Bridge/INFO]: Command completed (result 1)
[Server] [12:46:32] [Bridge/INFO]: Automatic saving is now disabled
[Server] [12:46:32] [Bridge/INFO]: Saved the game
[MCDR] [12:46:32] [PB@3766-worker-heavy/INFO] [prime_backup]: Scanning file for backup creation at path '<local-path>', targets: ['New World (4)']
[MCDR] [12:46:32] [PB@3766-worker-heavy/INFO] [prime_backup]: Creating backup for ['New World (4)'] at path '<local-path>', file count 50 size 931.74KiB, timestamp 1790916392, creator 'player:Player0', comment 'automatic-test', tags {}
[MCDR] [12:46:32] [PB@3766-worker-heavy/INFO] [prime_backup]: Create backup #1 done, added 22 blobs, 0 chunks and 0 packs (size 77.19KiB / 931.08KiB)
[MCDR] [12:46:32] [PB@3766-worker-heavy/INFO] [prime_backup]: Time costs: save wait 0.05s, create backup 0.51s
[MCDR] [12:46:32] [PB@3766-worker-heavy/INFO] [prime_backup]: [36m[PB][0m 备份完成, ID [33m#1[0m, 耗时[93m0.55s[0m, 体积[92m931.74KiB[0m (+[92m77.19KiB[0m)
[Server] [12:46:32] [Bridge/INFO]: Command completed (result 1)
[Server] [12:46:32] [Bridge/INFO]: Automatic saving is now enabled
[Server] [12:46:32] [Bridge/INFO]: <Player0> !!extra idle
[Server] [12:46:32] [Bridge/INFO]: Command completed (result 1)
[Server] [12:46:32] [Bridge/INFO]: <Player0> !!pb back 1 --confirm
[MCDR] [12:46:32] [PB@3766-worker-heavy/INFO] [prime_backup]: [36m[PB][0m 将要回档至备份[33m#1[0m: automatic-test
[MCDR] [12:46:32] [PB@3766-worker-heavy/INFO] [prime_backup]: [36m[PB][0m [91m!!! [0m10秒后将[91m回档[0m至备份[33m#1[0m: automatic-test
[Server] [12:46:32] [Bridge/INFO]: Command completed (result 1)
[Server] [12:46:32] [Bridge/INFO]: Command completed (result 1)
[MCDR] [12:46:33] [PB@3766-worker-heavy/INFO] [prime_backup]: [36m[PB][0m [91m!!! [0m9秒后将[91m回档[0m至备份[33m#1[0m: automatic-test
[Server] [12:46:33] [Bridge/INFO]: Command completed (result 1)
[MCDR] [12:46:34] [PB@3766-worker-heavy/INFO] [prime_backup]: [36m[PB][0m [91m!!! [0m8秒后将[91m回档[0m至备份[33m#1[0m: automatic-test
[Server] [12:46:34] [Bridge/INFO]: Command completed (result 1)
[MCDR] [12:46:35] [PB@3766-worker-heavy/INFO] [prime_backup]: [36m[PB][0m [91m!!! [0m7秒后将[91m回档[0m至备份[33m#1[0m: automatic-test
[Server] [12:46:35] [Bridge/INFO]: Command completed (result 1)
[MCDR] [12:46:36] [PB@3766-worker-heavy/INFO] [prime_backup]: [36m[PB][0m [91m!!! [0m6秒后将[91m回档[0m至备份[33m#1[0m: automatic-test
[Server] [12:46:36] [Bridge/INFO]: Command completed (result 1)
[MCDR] [12:46:37] [PB@3766-worker-heavy/INFO] [prime_backup]: [36m[PB][0m [91m!!! [0m5秒后将[91m回档[0m至备份[33m#1[0m: automatic-test
[Server] [12:46:37] [Bridge/INFO]: Command completed (result 1)
[MCDR] [12:46:38] [PB@3766-worker-heavy/INFO] [prime_backup]: [36m[PB][0m [91m!!! [0m4秒后将[91m回档[0m至备份[33m#1[0m: automatic-test
[Server] [12:46:38] [Bridge/INFO]: Command completed (result 1)
[MCDR] [12:46:39] [PB@3766-worker-heavy/INFO] [prime_backup]: [36m[PB][0m [91m!!! [0m3秒后将[91m回档[0m至备份[33m#1[0m: automatic-test
[Server] [12:46:39] [Bridge/INFO]: Command completed (result 1)
[MCDR] [12:46:40] [PB@3766-worker-heavy/INFO] [prime_backup]: [36m[PB][0m [91m!!! [0m2秒后将[91m回档[0m至备份[33m#1[0m: automatic-test
[Server] [12:46:40] [Bridge/INFO]: Command completed (result 1)
[MCDR] [12:46:41] [PB@3766-worker-heavy/INFO] [prime_backup]: [36m[PB][0m [91m!!! [0m1秒后将[91m回档[0m至备份[33m#1[0m: automatic-test
[Server] [12:46:41] [Bridge/INFO]: Command completed (result 1)
[Server] [12:46:42] [Bridge/INFO]: Saving and closing the singleplayer world
[MCDR] [12:46:42] [PB@3766-worker-heavy/INFO] [prime_backup]: Wait for server to stop
[Server] [12:46:42] [Bridge/INFO]: Player0 left the singleplayer world
[Server] [12:46:42] [Bridge/INFO]: Player0 left the game
[Server] [12:46:43] [Bridge/INFO]: [Bridge] World closed; control session ended
[MCDR] [12:46:43] [MainThread/INFO]: 服务器进程已停止，返回代码为 0
[MCDR] [12:46:43] [MainThread/INFO]: 服务端已关闭
[MCDR] [12:46:43] [PB@3766-worker-heavy/INFO] [prime_backup]: Creating backup of existing files to avoid idiot
[MCDR] [12:46:43] [PB@3766-worker-heavy/INFO] [prime_backup]: Scanning file for backup creation at path '<local-path>', targets: ['New World (4)']
[MCDR] [12:46:43] [PB@3766-worker-heavy/INFO] [prime_backup]: Creating backup for ['New World (4)'] at path '<local-path>', file count 51 size 5.39MiB, timestamp 1790916403, creator 'prime_backup:pre_restore', comment '__pb_translated__:pre_restore:1', tags {'temporary': True}
[MCDR] [12:46:44] [PB@3766-worker-heavy/INFO] [prime_backup]: Create backup #2 done, added 9 blobs, 0 chunks and 0 packs (size 170.79KiB / 5.38MiB)
[MCDR] [12:46:44] [PB@3766-worker-heavy/INFO] [prime_backup]: Restoring to backup #1 (fail_soft=False, verify_blob=True)
[MCDR] [12:46:44] [PB@3766-worker-heavy/INFO] [prime_backup]: Exporting Backup(id=1, timestamp=1790916392, timestamp_ns_part=125530200, creator='player:Player0', comment='automatic-test', targets=['New World (4)'], tags={}, fileset_id_base=1, fileset_id_delta=2, file_count=50, file_raw_size_sum=954100, file_stored_size_sum=79755) to directory <local-path>
[MCDR] [12:46:44] [PB@3766-worker-heavy/INFO] [prime_backup]: Export done
[MCDR] [12:46:44] [PB@3766-worker-heavy/INFO] [prime_backup]: Restore to backup #1 done, cost 1.27s (backup 0.62s, restore 0.65s), starting the server
[MCDR] [12:46:44] [PB@3766-worker-heavy/INFO] [prime_backup]: 单人存档回档完成。请在 Minecraft 中重新进入原世界，MCDR 将自动连接对应存档配置。
[MCDR] [12:46:44] [MainThread/INFO]: 正在关闭 MCDR
[MCDR] [12:46:44] [TaskExecutor/INFO] [prime_backup]: Shutting down everything...
[MCDR] [12:46:44] [PB@3766-shutdown/INFO] [prime_backup]: Scheduler has been shut down
[MCDR] [12:46:44] [PB@3766-worker-heavy/INFO] [prime_backup]: Worker heavy stopped
[MCDR] [12:46:44] [PB@3766-worker-light/INFO] [prime_backup]: Worker light stopped
[MCDR] [12:46:44] [TaskExecutor/INFO] [prime_backup]: Shutdown completes
[MCDR] [12:46:44] [MainThread/INFO]: bye
MCDReforged 2.16.0 is starting up
MCDReforged is open source, u can find it here: https://github.com/MCDReforged/MCDReforged
[MCDR] [12:46:47] [MainThread/INFO]: 语言已设置为 zh_cn
[MCDR] [12:46:47] [MainThread/INFO]: 编码 / 解码方式已设置为 utf8 / utf8
[MCDR] [12:46:47] [MainThread/INFO]: 解析处理器已设置为 vanilla_handler
[MCDR] [12:46:47] [MainThread/INFO]: 插件文件夹列表:
[MCDR] [12:46:47] [MainThread/INFO]: - <local-path>
[MCDR] [12:46:47] [MainThread/INFO]: MCDReforged 2.16.0 正在启动
[MCDR] [12:46:47] [MainThread/INFO]: MCDReforged 正于 Python 3.14.5 环境中运行
[MCDR] [12:46:47] [TaskExecutor/INFO]: 刷新所有插件中
[MCDR] [12:46:47] [TaskExecutor/INFO]: 插件 prime_backup@1.13.1 已加载
[MCDR] [12:46:47] [TaskExecutor/INFO]: 插件 singleplayer_bridge@0.3.3 已加载
[MCDR] [12:46:47] [TaskExecutor/INFO]: 插件 singleplayer_prime_backup@0.3.3 已加载
[MCDR] [12:46:47] [TaskExecutor/INFO]: 插件 test_command_probe@1.0.0 已加载
[MCDR] [12:46:48] [TaskExecutor/INFO] [prime_backup]: 配置文件已加载
[MCDR] [12:46:48] [PB@3cdd-worker-heavy/INFO] [prime_backup]: Worker heavy started
[MCDR] [12:46:48] [PB@3cdd-worker-light/INFO] [prime_backup]: Worker light started
[MCDR] [12:46:48] [PB@3cdd-crontab-scheduler/INFO] [prime_backup]: Scheduler started
[MCDR] [12:46:48] [PB@3cdd-init/INFO] [prime_backup]: Added job "CreateDbBackupJob.run" to job store "default"
[MCDR] [12:46:48] [PB@3cdd-init/INFO] [prime_backup]: Added job "PruneBackupJob.run" to job store "default"
[MCDR] [12:46:48] [PB@3cdd-init/INFO] [prime_backup]: Added job "ScheduledBackupJob.run" to job store "default"
[MCDR] [12:46:48] [PB@3cdd-init/INFO] [prime_backup]: Added job "VacuumSqliteJob.run" to job store "default"
[MCDR] [12:46:48] [PB@3cdd-init/INFO] [prime_backup]: Added job "CompactPackJob.run" to job store "default"
[MCDR] [12:46:48] [TaskExecutor/INFO] [singleplayer_bridge]: 单人桥接已加载。MCDR 的 start/stop/kill 管理代理连接；不会关闭或重启游戏世界。
[MCDR] [12:46:48] [TaskExecutor/INFO] [singleplayer_prime_backup]: 配置文件已加载
[MCDR] [12:46:48] [TaskExecutor/INFO] [singleplayer_prime_backup]: Prime Backup 1.13.1 singleplayer adapter ready (one bound world, confirmed saves and shutdown)
[MCDR] [12:46:48] [TaskExecutor/INFO]: 使用插件 singleplayer_bridge@0.3.3 提供的解析处理器 singleplayer_bridge_handler
[MCDR] [12:46:48] [TaskExecutor/INFO]: 共加载: [37m[2m4[0m 个插件; 已加载插件数: [37m[2m6[0m
[MCDR] [12:46:48] [MainThread/INFO]: 正在启动服务端，启动参数为 ['<local-path>', '<local-path>', '--config-env']
[MCDR] [12:46:48] [MainThread/INFO]: 服务端正在以 PID 7376 运行中
[Server] Waiting for the singleplayer bridge (loopback only)...
[Server] [12:46:48] [Bridge/INFO]: Minecraft 26.3 / <local-path> World (4)
[Server] [12:46:48] [Bridge/INFO]: [Bridge] Singleplayer world ready
[Server] [12:46:48] [Bridge/INFO]: Player0 joined the singleplayer world
[MCDR] [12:46:48] [TaskExecutor/INFO]: 玩家 [96mPlayer0[0m 的权限等级已设置为 [93mowner[0m
[Server] [12:46:48] [Bridge/INFO]: Player0 left the singleplayer world
[Server] [12:46:48] [Bridge/INFO]: Player0 left the game
[MCDR] [12:46:48] [mcdr-command-tree/INFO] [singleplayer_bridge]: MCDR command tree synchronized (4 chunks)
[Server] [12:46:49] [Bridge/INFO]: [Bridge] World closed; control session ended
[MCDR] [12:46:49] [MainThread/INFO]: 服务器进程已停止，返回代码为 0
[MCDR] [12:46:49] [MainThread/INFO]: 服务端已关闭
[MCDR] [12:46:50] [MainThread/INFO]: 正在关闭 MCDR
[MCDR] [12:46:50] [TaskExecutor/INFO] [prime_backup]: Shutting down everything...
[MCDR] [12:46:50] [PB@3cdd-shutdown/INFO] [prime_backup]: Scheduler has been shut down
[MCDR] [12:46:50] [PB@3cdd-worker-heavy/INFO] [prime_backup]: Worker heavy stopped
[MCDR] [12:46:50] [PB@3cdd-worker-light/INFO] [prime_backup]: Worker light stopped
[MCDR] [12:46:50] [TaskExecutor/INFO] [prime_backup]: Shutdown completes
[MCDR] [12:46:50] [MainThread/INFO]: bye
