Collecting APScheduler<4,>=3.8 (from -r <local-path> (line 2))
  Using cached apscheduler-3.11.3-py3-none-any.whl.metadata (6.5 kB)
Collecting SQLAlchemy>=2 (from -r <local-path> (line 3))
  Using cached sqlalchemy-2.1.2-cp314-cp314-win_amd64.whl.metadata (9.9 kB)
Collecting blake3 (from -r <local-path> (line 4))
  Using cached blake3-1.0.10-cp314-cp314-win_amd64.whl.metadata (5.0 kB)
Collecting mcdreforged==2.16.0 (from -r <local-path> (line 5))
  Using cached mcdreforged-2.16.0-py3-none-any.whl.metadata (4.4 kB)
Collecting pathspec (from -r <local-path> (line 6))
  Using cached pathspec-1.1.1-py3-none-any.whl.metadata (14 kB)
Collecting psutil (from -r <local-path> (line 7))
  Using cached psutil-7.2.2-cp37-abi3-win_amd64.whl.metadata (22 kB)
Collecting pydantic>=2 (from -r <local-path> (line 8))
  Using cached pydantic-2.13.5-py3-none-any.whl.metadata (110 kB)
Collecting pytz (from -r <local-path> (line 9))
  Using cached pytz-2026.4-py2.py3-none-any.whl.metadata (22 kB)
Collecting typing_extensions (from -r <local-path> (line 10))
  Using cached typing_extensions-4.16.0-py3-none-any.whl.metadata (3.3 kB)
Collecting xxhash>=3 (from -r <local-path> (line 11))
  Using cached xxhash-4.0.1-cp314-cp314-win_amd64.whl.metadata (18 kB)
Collecting zstandard (from -r <local-path> (line 12))
  Using cached zstandard-0.25.0-cp314-cp314-win_amd64.whl.metadata (3.3 kB)
Collecting colorama>=0.4.4 (from mcdreforged==2.16.0->-r <local-path> (line 5))
  Using cached colorama-0.4.6-py2.py3-none-any.whl.metadata (17 kB)
Collecting colorlog>=6.4 (from mcdreforged==2.16.0->-r <local-path> (line 5))
  Using cached colorlog-6.12.0-py3-none-any.whl.metadata (11 kB)
Collecting packaging>=23.0 (from mcdreforged==2.16.0->-r <local-path> (line 5))
  Using cached packaging-26.3-py3-none-any.whl.metadata (3.5 kB)
Collecting parse>=1.18.0 (from mcdreforged==2.16.0->-r <local-path> (line 5))
  Using cached parse-1.22.2-py2.py3-none-any.whl.metadata (21 kB)
Collecting prompt-toolkit~=3.0 (from mcdreforged==2.16.0->-r <local-path> (line 5))
  Using cached prompt_toolkit-3.0.53-py3-none-any.whl.metadata (6.4 kB)
Collecting requests>=2.26 (from mcdreforged==2.16.0->-r <local-path> (line 5))
  Using cached requests-2.34.2-py3-none-any.whl.metadata (4.8 kB)
Collecting resolvelib (from mcdreforged==2.16.0->-r <local-path> (line 5))
  Using cached resolvelib-1.2.1-py3-none-any.whl.metadata (3.7 kB)
Collecting ruamel.yaml~=0.17 (from mcdreforged==2.16.0->-r <local-path> (line 5))
  Using cached ruamel_yaml-0.19.1-py3-none-any.whl.metadata (16 kB)
Collecting wcwidth (from mcdreforged==2.16.0->-r <local-path> (line 5))
  Using cached wcwidth-0.9.1-cp310-abi3-win_amd64.whl.metadata (24 kB)
Collecting tzlocal>=3.0 (from APScheduler<4,>=3.8->-r <local-path> (line 2))
  Using cached tzlocal-5.4.4-py3-none-any.whl.metadata (7.7 kB)
Collecting annotated-types>=0.6.0 (from pydantic>=2->-r <local-path> (line 8))
  Using cached annotated_types-0.8.0-py3-none-any.whl.metadata (15 kB)
Collecting pydantic-core==2.46.5 (from pydantic>=2->-r <local-path> (line 8))
  Using cached pydantic_core-2.46.5-cp314-cp314-win_amd64.whl.metadata (6.7 kB)
Collecting typing-inspection>=0.4.2 (from pydantic>=2->-r <local-path> (line 8))
  Using cached typing_inspection-0.4.4-py3-none-any.whl.metadata (2.6 kB)
Collecting charset_normalizer<4,>=2 (from requests>=2.26->mcdreforged==2.16.0->-r <local-path> (line 5))
  Using cached charset_normalizer-3.5.2-cp314-cp314-win_amd64.whl.metadata (47 kB)
Collecting idna<4,>=2.5 (from requests>=2.26->mcdreforged==2.16.0->-r <local-path> (line 5))
  Using cached idna-3.20-py3-none-any.whl.metadata (7.2 kB)
Collecting urllib3<3,>=1.26 (from requests>=2.26->mcdreforged==2.16.0->-r <local-path> (line 5))
  Using cached urllib3-2.8.0-py3-none-any.whl.metadata (7.4 kB)
Collecting certifi>=2023.5.7 (from requests>=2.26->mcdreforged==2.16.0->-r <local-path> (line 5))
  Using cached certifi-2026.7.22-py3-none-any.whl.metadata (2.5 kB)
Collecting tzdata (from tzlocal>=3.0->APScheduler<4,>=3.8->-r <local-path> (line 2))
  Using cached tzdata-2026.4-py2.py3-none-any.whl.metadata (1.4 kB)
Using cached mcdreforged-2.16.0-py3-none-any.whl (310 kB)
Using cached apscheduler-3.11.3-py3-none-any.whl (66 kB)
Using cached prompt_toolkit-3.0.53-py3-none-any.whl (392 kB)
Using cached ruamel_yaml-0.19.1-py3-none-any.whl (118 kB)
Using cached sqlalchemy-2.1.2-cp314-cp314-win_amd64.whl (2.4 MB)
Using cached blake3-1.0.10-cp314-cp314-win_amd64.whl (218 kB)
Using cached pathspec-1.1.1-py3-none-any.whl (57 kB)
Using cached psutil-7.2.2-cp37-abi3-win_amd64.whl (137 kB)
Using cached pydantic-2.13.5-py3-none-any.whl (472 kB)
Using cached pydantic_core-2.46.5-cp314-cp314-win_amd64.whl (2.0 MB)
Using cached pytz-2026.4-py2.py3-none-any.whl (506 kB)
Using cached typing_extensions-4.16.0-py3-none-any.whl (45 kB)
Using cached xxhash-4.0.1-cp314-cp314-win_amd64.whl (37 kB)
Using cached zstandard-0.25.0-cp314-cp314-win_amd64.whl (516 kB)
Using cached annotated_types-0.8.0-py3-none-any.whl (13 kB)
Using cached colorama-0.4.6-py2.py3-none-any.whl (25 kB)
Using cached colorlog-6.12.0-py3-none-any.whl (12 kB)
Using cached packaging-26.3-py3-none-any.whl (129 kB)
Using cached parse-1.22.2-py2.py3-none-any.whl (21 kB)
Using cached requests-2.34.2-py3-none-any.whl (73 kB)
Using cached charset_normalizer-3.5.2-cp314-cp314-win_amd64.whl (210 kB)
Using cached idna-3.20-py3-none-any.whl (69 kB)
Using cached urllib3-2.8.0-py3-none-any.whl (135 kB)
Using cached certifi-2026.7.22-py3-none-any.whl (136 kB)
Using cached typing_inspection-0.4.4-py3-none-any.whl (14 kB)
Using cached tzlocal-5.4.4-py3-none-any.whl (18 kB)
Using cached wcwidth-0.9.1-cp310-abi3-win_amd64.whl (596 kB)
Using cached resolvelib-1.2.1-py3-none-any.whl (18 kB)
Using cached tzdata-2026.4-py2.py3-none-any.whl (347 kB)
Installing collected packages: pytz, parse, zstandard, xxhash, wcwidth, urllib3, tzdata, typing_extensions, ruamel.yaml, resolvelib, psutil, pathspec, packaging, idna, colorama, charset_normalizer, certifi, blake3, annotated-types, tzlocal, typing-inspection, SQLAlchemy, requests, pydantic-core, prompt-toolkit, colorlog, pydantic, APScheduler, mcdreforged

Successfully installed APScheduler-3.11.3 SQLAlchemy-2.1.2 annotated-types-0.8.0 blake3-1.0.10 certifi-2026.7.22 charset_normalizer-3.5.2 colorama-0.4.6 colorlog-6.12.0 idna-3.20 mcdreforged-2.16.0 packaging-26.3 parse-1.22.2 pathspec-1.1.1 prompt-toolkit-3.0.53 psutil-7.2.2 pydantic-2.13.5 pydantic-core-2.46.5 pytz-2026.4 requests-2.34.2 resolvelib-1.2.1 ruamel.yaml-0.19.1 typing-inspection-0.4.4 typing_extensions-4.16.0 tzdata-2026.4 tzlocal-5.4.4 urllib3-2.8.0 wcwidth-0.9.1 xxhash-4.0.1 zstandard-0.25.0
