MCDReforged 2.16.0 is starting up
MCDReforged is open source, u can find it here: https://github.com/MCDReforged/MCDReforged
[MCDR] [14:38:15] [MainThread/INFO]: 语言已设置为 zh_cn
[MCDR] [14:38:15] [MainThread/INFO]: 编码 / 解码方式已设置为 utf8 / utf8
[MCDR] [14:38:15] [MainThread/INFO]: 解析处理器已设置为 vanilla_handler
[MCDR] [14:38:15] [MainThread/INFO]: 插件文件夹列表:
[MCDR] [14:38:15] [MainThread/INFO]: - <local-path>
[MCDR] [14:38:15] [MainThread/INFO]: MCDReforged 2.16.0 正在启动
[MCDR] [14:38:15] [MainThread/INFO]: MCDReforged 正于 Python 3.14.5 环境中运行
[MCDR] [14:38:15] [TaskExecutor/INFO]: 刷新所有插件中
[MCDR] [14:38:15] [TaskExecutor/INFO]: 插件 prime_backup@1.13.1 已加载
[MCDR] [14:38:15] [TaskExecutor/INFO]: 插件 singleplayer_bridge@0.3.4 已加载
[MCDR] [14:38:15] [TaskExecutor/INFO]: 插件 singleplayer_prime_backup@0.3.4 已加载
[MCDR] [14:38:15] [TaskExecutor/INFO]: 插件 test_command_probe@1.0.0 已加载
[MCDR] [14:38:16] [TaskExecutor/INFO] [prime_backup]: 配置文件已加载
[MCDR] [14:38:16] [PB@c811-init/INFO] [prime_backup]: Table db_meta does not exist, assuming newly created db, create everything
[MCDR] [14:38:16] [PB@c811-worker-heavy/INFO] [prime_backup]: Worker heavy started
[MCDR] [14:38:16] [PB@c811-worker-light/INFO] [prime_backup]: Worker light started
[MCDR] [14:38:16] [PB@c811-crontab-scheduler/INFO] [prime_backup]: Scheduler started
[MCDR] [14:38:16] [PB@c811-init/INFO] [prime_backup]: Added job "CreateDbBackupJob.run" to job store "default"
[MCDR] [14:38:16] [PB@c811-init/INFO] [prime_backup]: Added job "VacuumSqliteJob.run" to job store "default"
[MCDR] [14:38:16] [PB@c811-init/INFO] [prime_backup]: Added job "CompactPackJob.run" to job store "default"
[MCDR] [14:38:16] [TaskExecutor/INFO] [singleplayer_bridge]: 单人桥接已加载。MCDR 的 start/stop/kill 管理代理连接；不会关闭或重启游戏世界。
[MCDR] [14:38:16] [TaskExecutor/INFO] [singleplayer_prime_backup]: 配置文件已加载
[MCDR] [14:38:16] [TaskExecutor/INFO] [singleplayer_prime_backup]: Prime Backup 1.13.1 singleplayer adapter ready (one bound world, confirmed saves and shutdown)
[MCDR] [14:38:16] [TaskExecutor/INFO]: 使用插件 singleplayer_bridge@0.3.4 提供的解析处理器 singleplayer_bridge_handler
[MCDR] [14:38:16] [TaskExecutor/INFO]: 共加载: [37m[2m4[0m 个插件; 已加载插件数: [37m[2m6[0m
[MCDR] [14:38:16] [MainThread/INFO]: 正在启动服务端，启动参数为 ['<local-path>', '<local-path>', '--config-env']
[MCDR] [14:38:16] [MainThread/INFO]: 服务端正在以 PID 32788 运行中
[Server] Waiting for the singleplayer bridge (loopback only)...
[Server] [14:38:16] [Bridge/INFO]: Minecraft 26.3 / <local-path> World (4)
[Server] [14:38:16] [Bridge/INFO]: [Bridge] Singleplayer world ready
[Server] [14:38:16] [Bridge/INFO]: Player0 joined the singleplayer world
[MCDR] [14:38:16] [TaskExecutor/INFO]: 玩家 [96mPlayer0[0m 的权限等级已设置为 [93mowner[0m
[MCDR] [14:38:17] [mcdr-command-tree/INFO] [singleplayer_bridge]: MCDR command tree synchronized (4 chunks)
[Server] [14:38:17] [Bridge/INFO]: Command completed (result 1)
[Server] [14:38:17] [Bridge/INFO]: Command completed (result 1)
[Server] [14:38:17] [Bridge/INFO]: Command completed (result 1)
[Server] [14:38:17] [Bridge/INFO]: <Player0> !!spbridge config backup off
[MCDR] [14:38:17] [TaskExecutor/INFO]: 正在重载插件 prime_backup@1.13.1
[MCDR] [14:38:17] [TaskExecutor/INFO]: Collected 2x extra plugins for reload due to dependency associations: singleplayer_prime_backup@0.3.4, test_command_probe@1.0.0
[MCDR] [14:38:17] [TaskExecutor/INFO]: 插件 test_command_probe@1.0.0 已卸载
[MCDR] [14:38:17] [TaskExecutor/INFO]: 插件 singleplayer_prime_backup@0.3.4 已卸载
[MCDR] [14:38:17] [TaskExecutor/INFO] [prime_backup]: Shutting down everything...
[MCDR] [14:38:17] [PB@c811-shutdown/INFO] [prime_backup]: Scheduler has been shut down
[MCDR] [14:38:17] [PB@c811-worker-heavy/INFO] [prime_backup]: Worker heavy stopped
[MCDR] [14:38:17] [PB@c811-worker-light/INFO] [prime_backup]: Worker light stopped
[MCDR] [14:38:17] [TaskExecutor/INFO] [prime_backup]: Shutdown completes
[MCDR] [14:38:17] [TaskExecutor/INFO]: 插件 prime_backup@1.13.1 已卸载
[MCDR] [14:38:17] [TaskExecutor/INFO]: 插件 prime_backup@1.13.1 已重载
[MCDR] [14:38:17] [TaskExecutor/INFO]: 插件 singleplayer_prime_backup@0.3.4 已重载
[MCDR] [14:38:17] [TaskExecutor/INFO]: 插件 test_command_probe@1.0.0 已重载
[MCDR] [14:38:18] [TaskExecutor/INFO] [prime_backup]: 配置文件已加载
[MCDR] [14:38:18] [TaskExecutor/WARNING] [prime_backup]: Prime Backup is disabled by config
[MCDR] [14:38:18] [TaskExecutor/INFO] [singleplayer_prime_backup]: 配置文件已加载
[MCDR] [14:38:18] [TaskExecutor/INFO] [singleplayer_prime_backup]: Prime Backup 1.13.1 singleplayer adapter ready (one bound world, confirmed saves and shutdown)
[Server] [14:38:18] [Bridge/INFO]: Command completed (result 1)
[Server] [14:38:18] [Bridge/INFO]: <Player0> !!spbridge config backup on
[MCDR] [14:38:18] [TaskExecutor/INFO]: 正在重载插件 prime_backup@1.13.1
[MCDR] [14:38:18] [TaskExecutor/INFO]: Collected 2x extra plugins for reload due to dependency associations: singleplayer_prime_backup@0.3.4, test_command_probe@1.0.0
[MCDR] [14:38:18] [TaskExecutor/INFO]: 插件 test_command_probe@1.0.0 已卸载
[MCDR] [14:38:19] [TaskExecutor/INFO]: 插件 singleplayer_prime_backup@0.3.4 已卸载
[MCDR] [14:38:19] [TaskExecutor/INFO] [prime_backup]: Shutting down everything...
[MCDR] [14:38:19] [TaskExecutor/INFO] [prime_backup]: Shutdown completes
[MCDR] [14:38:19] [TaskExecutor/INFO]: 插件 prime_backup@1.13.1 已卸载
[MCDR] [14:38:19] [TaskExecutor/INFO]: 插件 prime_backup@1.13.1 已重载
[MCDR] [14:38:19] [TaskExecutor/INFO]: 插件 singleplayer_prime_backup@0.3.4 已重载
[MCDR] [14:38:19] [TaskExecutor/INFO]: 插件 test_command_probe@1.0.0 已重载
[MCDR] [14:38:19] [mcdr-command-tree/INFO] [singleplayer_bridge]: MCDR command tree synchronized (2 chunks)
[MCDR] [14:38:20] [TaskExecutor/INFO] [prime_backup]: 配置文件已加载
[MCDR] [14:38:20] [PB@d911-worker-heavy/INFO] [prime_backup]: Worker heavy started
[MCDR] [14:38:20] [PB@d911-worker-light/INFO] [prime_backup]: Worker light started
[MCDR] [14:38:20] [PB@d911-crontab-scheduler/INFO] [prime_backup]: Scheduler started
[MCDR] [14:38:20] [PB@d911-init/INFO] [prime_backup]: Added job "CreateDbBackupJob.run" to job store "default"
[MCDR] [14:38:20] [PB@d911-init/INFO] [prime_backup]: Added job "VacuumSqliteJob.run" to job store "default"
[MCDR] [14:38:20] [PB@d911-init/INFO] [prime_backup]: Added job "CompactPackJob.run" to job store "default"
[MCDR] [14:38:20] [TaskExecutor/INFO] [singleplayer_prime_backup]: 配置文件已加载
[MCDR] [14:38:20] [TaskExecutor/INFO] [singleplayer_prime_backup]: Prime Backup 1.13.1 singleplayer adapter ready (one bound world, confirmed saves and shutdown)
[Server] [14:38:20] [Bridge/INFO]: Command completed (result 1)
[Server] [14:38:20] [Bridge/INFO]: <Player0> !!spbridge config auto_backup on
[MCDR] [14:38:20] [TaskExecutor/INFO]: 正在重载插件 prime_backup@1.13.1
[MCDR] [14:38:20] [TaskExecutor/INFO]: Collected 2x extra plugins for reload due to dependency associations: singleplayer_prime_backup@0.3.4, test_command_probe@1.0.0
[MCDR] [14:38:20] [TaskExecutor/INFO]: 插件 test_command_probe@1.0.0 已卸载
[MCDR] [14:38:20] [TaskExecutor/INFO]: 插件 singleplayer_prime_backup@0.3.4 已卸载
[MCDR] [14:38:20] [TaskExecutor/INFO] [prime_backup]: Shutting down everything...
[MCDR] [14:38:20] [PB@d911-shutdown/INFO] [prime_backup]: Scheduler has been shut down
[MCDR] [14:38:20] [PB@d911-worker-heavy/INFO] [prime_backup]: Worker heavy stopped
[MCDR] [14:38:20] [PB@d911-worker-light/INFO] [prime_backup]: Worker light stopped
[MCDR] [14:38:20] [TaskExecutor/INFO] [prime_backup]: Shutdown completes
[MCDR] [14:38:20] [TaskExecutor/INFO]: 插件 prime_backup@1.13.1 已卸载
[MCDR] [14:38:20] [TaskExecutor/INFO]: 插件 prime_backup@1.13.1 已重载
[MCDR] [14:38:20] [TaskExecutor/INFO]: 插件 singleplayer_prime_backup@0.3.4 已重载
[MCDR] [14:38:20] [TaskExecutor/INFO]: 插件 test_command_probe@1.0.0 已重载
[MCDR] [14:38:21] [mcdr-command-tree/INFO] [singleplayer_bridge]: MCDR command tree synchronized (4 chunks)
[MCDR] [14:38:22] [TaskExecutor/INFO] [prime_backup]: 配置文件已加载
[MCDR] [14:38:22] [PB@cf04-worker-heavy/INFO] [prime_backup]: Worker heavy started
[MCDR] [14:38:22] [PB@cf04-worker-light/INFO] [prime_backup]: Worker light started
[MCDR] [14:38:22] [PB@cf04-crontab-scheduler/INFO] [prime_backup]: Scheduler started
[MCDR] [14:38:22] [PB@cf04-init/INFO] [prime_backup]: Added job "CreateDbBackupJob.run" to job store "default"
[MCDR] [14:38:22] [PB@cf04-init/INFO] [prime_backup]: Added job "ScheduledBackupJob.run" to job store "default"
[MCDR] [14:38:22] [PB@cf04-init/INFO] [prime_backup]: Added job "VacuumSqliteJob.run" to job store "default"
[MCDR] [14:38:22] [PB@cf04-init/INFO] [prime_backup]: Added job "CompactPackJob.run" to job store "default"
[MCDR] [14:38:22] [TaskExecutor/INFO] [singleplayer_prime_backup]: 配置文件已加载
[MCDR] [14:38:22] [TaskExecutor/INFO] [singleplayer_prime_backup]: Prime Backup 1.13.1 singleplayer adapter ready (one bound world, confirmed saves and shutdown)
[Server] [14:38:22] [Bridge/INFO]: Command completed (result 1)
[Server] [14:38:22] [Bridge/INFO]: <Player0> !!spbridge config auto_delete on
[MCDR] [14:38:22] [TaskExecutor/INFO]: 正在重载插件 prime_backup@1.13.1
[MCDR] [14:38:22] [TaskExecutor/INFO]: Collected 2x extra plugins for reload due to dependency associations: singleplayer_prime_backup@0.3.4, test_command_probe@1.0.0
[MCDR] [14:38:22] [TaskExecutor/INFO]: 插件 test_command_probe@1.0.0 已卸载
[MCDR] [14:38:22] [TaskExecutor/INFO]: 插件 singleplayer_prime_backup@0.3.4 已卸载
[MCDR] [14:38:22] [TaskExecutor/INFO] [prime_backup]: Shutting down everything...
[MCDR] [14:38:22] [PB@cf04-shutdown/INFO] [prime_backup]: Scheduler has been shut down
[MCDR] [14:38:22] [PB@cf04-worker-heavy/INFO] [prime_backup]: Worker heavy stopped
[MCDR] [14:38:22] [PB@cf04-worker-light/INFO] [prime_backup]: Worker light stopped
[MCDR] [14:38:22] [TaskExecutor/INFO] [prime_backup]: Shutdown completes
[MCDR] [14:38:22] [TaskExecutor/INFO]: 插件 prime_backup@1.13.1 已卸载
[MCDR] [14:38:22] [TaskExecutor/INFO]: 插件 prime_backup@1.13.1 已重载
[MCDR] [14:38:22] [TaskExecutor/INFO]: 插件 singleplayer_prime_backup@0.3.4 已重载
[MCDR] [14:38:22] [TaskExecutor/INFO]: 插件 test_command_probe@1.0.0 已重载
[MCDR] [14:38:23] [TaskExecutor/INFO] [prime_backup]: 配置文件已加载
[MCDR] [14:38:23] [PB@5997-worker-heavy/INFO] [prime_backup]: Worker heavy started
[MCDR] [14:38:23] [PB@5997-worker-light/INFO] [prime_backup]: Worker light started
[MCDR] [14:38:23] [PB@5997-crontab-scheduler/INFO] [prime_backup]: Scheduler started
[MCDR] [14:38:23] [PB@5997-init/INFO] [prime_backup]: Added job "CreateDbBackupJob.run" to job store "default"
[MCDR] [14:38:23] [PB@5997-init/INFO] [prime_backup]: Added job "PruneBackupJob.run" to job store "default"
[MCDR] [14:38:23] [PB@5997-init/INFO] [prime_backup]: Added job "ScheduledBackupJob.run" to job store "default"
[MCDR] [14:38:23] [PB@5997-init/INFO] [prime_backup]: Added job "VacuumSqliteJob.run" to job store "default"
[MCDR] [14:38:23] [PB@5997-init/INFO] [prime_backup]: Added job "CompactPackJob.run" to job store "default"
[MCDR] [14:38:23] [TaskExecutor/INFO] [singleplayer_prime_backup]: 配置文件已加载
[MCDR] [14:38:23] [TaskExecutor/INFO] [singleplayer_prime_backup]: Prime Backup 1.13.1 singleplayer adapter ready (one bound world, confirmed saves and shutdown)
[Server] [14:38:23] [Bridge/INFO]: Command completed (result 1)
[Server] [14:38:23] [Bridge/INFO]: <Player0> !!extra_alias nested leaf alpha
[Server] [14:38:23] [Bridge/INFO]: Command completed (result 1)
[Server] [14:38:24] [Bridge/INFO]: <Player0> !!MCDR plugin unload test_command_probe
[MCDR] [14:38:24] [TaskExecutor/INFO]: 正在卸载插件 test_command_probe@1.0.0
[MCDR] [14:38:24] [TaskExecutor/INFO]: 插件 test_command_probe@1.0.0 已卸载
[Server] [14:38:24] [Bridge/INFO]: Command completed (result 1)
[Server] [14:38:24] [Bridge/INFO]: Command completed (result 1)
[MCDR] [14:38:24] [mcdr-command-tree/INFO] [singleplayer_bridge]: MCDR command tree synchronized (4 chunks)
[Server] [14:38:24] [Bridge/INFO]: <Player0> !!MCDR plugin load test_command_probe.py
[MCDR] [14:38:24] [TaskExecutor/INFO]: 正在从 <local-path> 加载插件
[MCDR] [14:38:24] [TaskExecutor/INFO]: 插件 test_command_probe@1.0.0 已加载
[Server] [14:38:24] [Bridge/INFO]: Command completed (result 1)
[Server] [14:38:24] [Bridge/INFO]: Command completed (result 1)
[MCDR] [14:38:24] [mcdr-command-tree/INFO] [singleplayer_bridge]: MCDR command tree synchronized (4 chunks)
[Server] [14:38:24] [Bridge/INFO]: <Player0> !!MCDR plugin reload test_command_probe
[MCDR] [14:38:24] [TaskExecutor/INFO]: 正在重载插件 test_command_probe@1.0.0
[MCDR] [14:38:24] [TaskExecutor/INFO]: 插件 test_command_probe@1.0.0 已卸载
[MCDR] [14:38:24] [TaskExecutor/INFO]: 插件 test_command_probe@1.0.0 已重载
[Server] [14:38:24] [Bridge/INFO]: Command completed (result 1)
[Server] [14:38:24] [Bridge/INFO]: Command completed (result 1)
[MCDR] [14:38:25] [mcdr-command-tree/INFO] [singleplayer_bridge]: MCDR command tree synchronized (4 chunks)
[Server] [14:38:25] [Bridge/INFO]: <Player0> !!pb make automatic-test
[MCDR] [14:38:25] [PB@5997-worker-heavy/INFO] [prime_backup]: [36m[PB][0m 创建备份中...请稍等
[Server] [14:38:25] [Bridge/INFO]: Command completed (result 1)
[Server] [14:38:25] [Bridge/INFO]: Automatic saving is now disabled
[Server] [14:38:25] [Bridge/INFO]: Saved the game
[MCDR] [14:38:25] [PB@5997-worker-heavy/INFO] [prime_backup]: Scanning file for backup creation at path '<local-path>', targets: ['New World (4)']
[MCDR] [14:38:25] [PB@5997-worker-heavy/INFO] [prime_backup]: Creating backup for ['New World (4)'] at path '<local-path>', file count 50 size 931.74KiB, timestamp 1790923105, creator 'player:Player0', comment 'automatic-test', tags {}
[MCDR] [14:38:26] [PB@5997-worker-heavy/INFO] [prime_backup]: Create backup #1 done, added 22 blobs, 0 chunks and 0 packs (size 78.05KiB / 931.08KiB)
[MCDR] [14:38:26] [PB@5997-worker-heavy/INFO] [prime_backup]: Time costs: save wait 0.09s, create backup 0.53s
[MCDR] [14:38:26] [PB@5997-worker-heavy/INFO] [prime_backup]: [36m[PB][0m 备份完成, ID [33m#1[0m, 耗时[93m0.63s[0m, 体积[92m931.74KiB[0m (+[92m78.05KiB[0m)
[Server] [14:38:26] [Bridge/INFO]: Command completed (result 1)
[Server] [14:38:26] [Bridge/INFO]: Automatic saving is now enabled
[Server] [14:38:26] [Bridge/INFO]: <Player0> !!extra idle
[Server] [14:38:26] [Bridge/INFO]: Command completed (result 1)
[Server] [14:38:26] [Bridge/INFO]: <Player0> !!pb back 1 --confirm
[MCDR] [14:38:26] [PB@5997-worker-heavy/INFO] [prime_backup]: [36m[PB][0m 将要回档至备份[33m#1[0m: automatic-test
[MCDR] [14:38:26] [PB@5997-worker-heavy/INFO] [prime_backup]: [36m[PB][0m [91m!!! [0m10秒后将[91m回档[0m至备份[33m#1[0m: automatic-test
[Server] [14:38:26] [Bridge/INFO]: Command completed (result 1)
[Server] [14:38:26] [Bridge/INFO]: Command completed (result 1)
[MCDR] [14:38:27] [PB@5997-worker-heavy/INFO] [prime_backup]: [36m[PB][0m [91m!!! [0m9秒后将[91m回档[0m至备份[33m#1[0m: automatic-test
[Server] [14:38:27] [Bridge/INFO]: Command completed (result 1)
[MCDR] [14:38:28] [PB@5997-worker-heavy/INFO] [prime_backup]: [36m[PB][0m [91m!!! [0m8秒后将[91m回档[0m至备份[33m#1[0m: automatic-test
[Server] [14:38:28] [Bridge/INFO]: Command completed (result 1)
[MCDR] [14:38:29] [PB@5997-worker-heavy/INFO] [prime_backup]: [36m[PB][0m [91m!!! [0m7秒后将[91m回档[0m至备份[33m#1[0m: automatic-test
[Server] [14:38:29] [Bridge/INFO]: Command completed (result 1)
[MCDR] [14:38:30] [PB@5997-worker-heavy/INFO] [prime_backup]: [36m[PB][0m [91m!!! [0m6秒后将[91m回档[0m至备份[33m#1[0m: automatic-test
[Server] [14:38:30] [Bridge/INFO]: Command completed (result 1)
[MCDR] [14:38:31] [PB@5997-worker-heavy/INFO] [prime_backup]: [36m[PB][0m [91m!!! [0m5秒后将[91m回档[0m至备份[33m#1[0m: automatic-test
[Server] [14:38:31] [Bridge/INFO]: Command completed (result 1)
[MCDR] [14:38:32] [PB@5997-worker-heavy/INFO] [prime_backup]: [36m[PB][0m [91m!!! [0m4秒后将[91m回档[0m至备份[33m#1[0m: automatic-test
[Server] [14:38:32] [Bridge/INFO]: Command completed (result 1)
[MCDR] [14:38:33] [PB@5997-worker-heavy/INFO] [prime_backup]: [36m[PB][0m [91m!!! [0m3秒后将[91m回档[0m至备份[33m#1[0m: automatic-test
[Server] [14:38:33] [Bridge/INFO]: Command completed (result 1)
[MCDR] [14:38:34] [PB@5997-worker-heavy/INFO] [prime_backup]: [36m[PB][0m [91m!!! [0m2秒后将[91m回档[0m至备份[33m#1[0m: automatic-test
[Server] [14:38:34] [Bridge/INFO]: Command completed (result 1)
[MCDR] [14:38:35] [PB@5997-worker-heavy/INFO] [prime_backup]: [36m[PB][0m [91m!!! [0m1秒后将[91m回档[0m至备份[33m#1[0m: automatic-test
[Server] [14:38:35] [Bridge/INFO]: Command completed (result 1)
[Server] [14:38:36] [Bridge/INFO]: Saving and closing the singleplayer world
[Server] [14:38:36] [Bridge/INFO]: Player0 left the singleplayer world
[MCDR] [14:38:36] [PB@5997-worker-heavy/INFO] [prime_backup]: Wait for server to stop
[Server] [14:38:36] [Bridge/INFO]: Player0 left the game
[Server] [14:38:36] [Bridge/INFO]: [Bridge] World closed; control session ended
[MCDR] [14:38:36] [MainThread/INFO]: 服务器进程已停止，返回代码为 0
[MCDR] [14:38:37] [MainThread/INFO]: 服务端已关闭
[MCDR] [14:38:37] [PB@5997-worker-heavy/INFO] [prime_backup]: Creating backup of existing files to avoid idiot
[MCDR] [14:38:37] [PB@5997-worker-heavy/INFO] [prime_backup]: Scanning file for backup creation at path '<local-path>', targets: ['New World (4)']
[MCDR] [14:38:37] [PB@5997-worker-heavy/INFO] [prime_backup]: Creating backup for ['New World (4)'] at path '<local-path>', file count 51 size 5.39MiB, timestamp 1790923117, creator 'prime_backup:pre_restore', comment '__pb_translated__:pre_restore:1', tags {'temporary': True}
[MCDR] [14:38:37] [PB@5997-worker-heavy/INFO] [prime_backup]: Create backup #2 done, added 9 blobs, 0 chunks and 0 packs (size 171.37KiB / 5.38MiB)
[MCDR] [14:38:37] [PB@5997-worker-heavy/INFO] [prime_backup]: Restoring to backup #1 (fail_soft=False, verify_blob=True)
[MCDR] [14:38:38] [PB@5997-worker-heavy/INFO] [prime_backup]: Exporting Backup(id=1, timestamp=1790923105, timestamp_ns_part=542456700, creator='player:Player0', comment='automatic-test', targets=['New World (4)'], tags={}, fileset_id_base=1, fileset_id_delta=2, file_count=50, file_raw_size_sum=954101, file_stored_size_sum=80634) to directory <local-path>
[MCDR] [14:38:38] [PB@5997-worker-heavy/INFO] [prime_backup]: Export done
[MCDR] [14:38:38] [PB@5997-worker-heavy/INFO] [prime_backup]: Restore to backup #1 done, cost 1.29s (backup 0.64s, restore 0.65s), starting the server
[MCDR] [14:38:38] [PB@5997-worker-heavy/INFO] [prime_backup]: 单人存档回档完成。请在 Minecraft 中重新进入原世界，MCDR 将自动连接对应存档配置。
[MCDR] [14:38:38] [MainThread/INFO]: 正在关闭 MCDR
[MCDR] [14:38:38] [TaskExecutor/INFO] [prime_backup]: Shutting down everything...
[MCDR] [14:38:38] [PB@5997-shutdown/INFO] [prime_backup]: Scheduler has been shut down
[MCDR] [14:38:38] [PB@5997-worker-heavy/INFO] [prime_backup]: Worker heavy stopped
[MCDR] [14:38:38] [PB@5997-worker-light/INFO] [prime_backup]: Worker light stopped
[MCDR] [14:38:38] [TaskExecutor/INFO] [prime_backup]: Shutdown completes
[MCDR] [14:38:38] [MainThread/INFO]: bye
MCDReforged 2.16.0 is starting up
MCDReforged is open source, u can find it here: https://github.com/MCDReforged/MCDReforged
[MCDR] [14:38:40] [MainThread/INFO]: 语言已设置为 zh_cn
[MCDR] [14:38:40] [MainThread/INFO]: 编码 / 解码方式已设置为 utf8 / utf8
[MCDR] [14:38:40] [MainThread/INFO]: 解析处理器已设置为 vanilla_handler
[MCDR] [14:38:40] [MainThread/INFO]: 插件文件夹列表:
[MCDR] [14:38:40] [MainThread/INFO]: - <local-path>
[MCDR] [14:38:40] [MainThread/INFO]: MCDReforged 2.16.0 正在启动
[MCDR] [14:38:40] [MainThread/INFO]: MCDReforged 正于 Python 3.14.5 环境中运行
[MCDR] [14:38:40] [TaskExecutor/INFO]: 刷新所有插件中
[MCDR] [14:38:40] [TaskExecutor/INFO]: 插件 prime_backup@1.13.1 已加载
[MCDR] [14:38:40] [TaskExecutor/INFO]: 插件 singleplayer_bridge@0.3.4 已加载
[MCDR] [14:38:40] [TaskExecutor/INFO]: 插件 singleplayer_prime_backup@0.3.4 已加载
[MCDR] [14:38:40] [TaskExecutor/INFO]: 插件 test_command_probe@1.0.0 已加载
[MCDR] [14:38:41] [TaskExecutor/INFO] [prime_backup]: 配置文件已加载
[MCDR] [14:38:41] [PB@43ab-worker-heavy/INFO] [prime_backup]: Worker heavy started
[MCDR] [14:38:41] [PB@43ab-worker-light/INFO] [prime_backup]: Worker light started
[MCDR] [14:38:41] [PB@43ab-crontab-scheduler/INFO] [prime_backup]: Scheduler started
[MCDR] [14:38:41] [PB@43ab-init/INFO] [prime_backup]: Added job "CreateDbBackupJob.run" to job store "default"
[MCDR] [14:38:41] [PB@43ab-init/INFO] [prime_backup]: Added job "PruneBackupJob.run" to job store "default"
[MCDR] [14:38:41] [PB@43ab-init/INFO] [prime_backup]: Added job "ScheduledBackupJob.run" to job store "default"
[MCDR] [14:38:41] [PB@43ab-init/INFO] [prime_backup]: Added job "VacuumSqliteJob.run" to job store "default"
[MCDR] [14:38:41] [PB@43ab-init/INFO] [prime_backup]: Added job "CompactPackJob.run" to job store "default"
[MCDR] [14:38:41] [TaskExecutor/INFO] [singleplayer_bridge]: 单人桥接已加载。MCDR 的 start/stop/kill 管理代理连接；不会关闭或重启游戏世界。
[MCDR] [14:38:41] [TaskExecutor/INFO] [singleplayer_prime_backup]: 配置文件已加载
[MCDR] [14:38:41] [TaskExecutor/INFO] [singleplayer_prime_backup]: Prime Backup 1.13.1 singleplayer adapter ready (one bound world, confirmed saves and shutdown)
[MCDR] [14:38:41] [TaskExecutor/INFO]: 使用插件 singleplayer_bridge@0.3.4 提供的解析处理器 singleplayer_bridge_handler
[MCDR] [14:38:41] [TaskExecutor/INFO]: 共加载: [37m[2m4[0m 个插件; 已加载插件数: [37m[2m6[0m
[MCDR] [14:38:41] [MainThread/INFO]: 正在启动服务端，启动参数为 ['<local-path>', '<local-path>', '--config-env']
[MCDR] [14:38:41] [MainThread/INFO]: 服务端正在以 PID 37048 运行中
[Server] Waiting for the singleplayer bridge (loopback only)...
[Server] [14:38:42] [Bridge/INFO]: Minecraft 26.3 / <local-path> World (4)
[Server] [14:38:42] [Bridge/INFO]: [Bridge] Singleplayer world ready
[Server] [14:38:42] [Bridge/INFO]: Player0 joined the singleplayer world
[MCDR] [14:38:42] [TaskExecutor/INFO]: 玩家 [96mPlayer0[0m 的权限等级已设置为 [93mowner[0m
[Server] [14:38:42] [Bridge/INFO]: Player0 left the singleplayer world
[Server] [14:38:42] [Bridge/INFO]: Player0 left the game
[MCDR] [14:38:42] [mcdr-command-tree/INFO] [singleplayer_bridge]: MCDR command tree synchronized (4 chunks)
[Server] [14:38:43] [Bridge/INFO]: [Bridge] World closed; control session ended
[MCDR] [14:38:43] [MainThread/INFO]: 服务器进程已停止，返回代码为 0
[MCDR] [14:38:43] [MainThread/INFO]: 服务端已关闭
[MCDR] [14:38:43] [MainThread/INFO]: 正在关闭 MCDR
[MCDR] [14:38:43] [TaskExecutor/INFO] [prime_backup]: Shutting down everything...
[MCDR] [14:38:43] [PB@43ab-shutdown/INFO] [prime_backup]: Scheduler has been shut down
[MCDR] [14:38:43] [PB@43ab-worker-heavy/INFO] [prime_backup]: Worker heavy stopped
[MCDR] [14:38:43] [PB@43ab-worker-light/INFO] [prime_backup]: Worker light stopped
[MCDR] [14:38:43] [TaskExecutor/INFO] [prime_backup]: Shutdown completes
[MCDR] [14:38:43] [MainThread/INFO]: bye
