Initialized environment for MCDReforged in <local-path>
MCDReforged 2.16.0 is starting up
MCDReforged is open source, u can find it here: https://github.com/MCDReforged/MCDReforged
[MCDR] [22:10:21] [MainThread/INFO]: Language is set to en_us
[MCDR] [22:10:21] [MainThread/INFO]: Encoding / Decoding method has set to utf8 / utf8
[MCDR] [22:10:21] [MainThread/INFO]: Server handler is set to vanilla_handler
[MCDR] [22:10:21] [MainThread/INFO]: Plugin directory list:
[MCDR] [22:10:21] [MainThread/INFO]: - plugins
[MCDR] [22:10:21] [MainThread/INFO]: MCDReforged 2.16.0 is starting
[MCDR] [22:10:21] [MainThread/INFO]: MCDReforged is running on Python 3.14.5 environment
[MCDR] [22:10:21] [TaskExecutor/INFO]: Refreshing all plugins
[MCDR] [22:10:21] [TaskExecutor/INFO]: Plugin prime_backup@1.13.1 loaded
[MCDR] [22:10:22] [TaskExecutor/INFO]: Plugin singleplayer_bridge@0.2.0 loaded
[MCDR] [22:10:22] [TaskExecutor/INFO]: Plugin singleplayer_prime_backup@0.2.0 loaded
[MCDR] [22:10:23] [TaskExecutor/INFO] [prime_backup]: Config file loaded
[MCDR] [22:10:23] [PB@1c4c-init/INFO] [prime_backup]: Table db_meta does not exist, assuming newly created db, create everything
[MCDR] [22:10:23] [PB@1c4c-worker-heavy/INFO] [prime_backup]: Worker heavy started
[MCDR] [22:10:23] [PB@1c4c-worker-light/INFO] [prime_backup]: Worker light started
[MCDR] [22:10:23] [PB@1c4c-crontab-scheduler/INFO] [prime_backup]: Scheduler started
[MCDR] [22:10:23] [PB@1c4c-init/INFO] [prime_backup]: Added job "CreateDbBackupJob.run" to job store "default"
[MCDR] [22:10:23] [PB@1c4c-init/INFO] [prime_backup]: Added job "PruneBackupJob.run" to job store "default"
[MCDR] [22:10:23] [PB@1c4c-init/INFO] [prime_backup]: Added job "VacuumSqliteJob.run" to job store "default"
[MCDR] [22:10:23] [PB@1c4c-init/INFO] [prime_backup]: Added job "CompactPackJob.run" to job store "default"
[MCDR] [22:10:23] [TaskExecutor/INFO] [singleplayer_bridge]: 单人桥接已加载。MCDR 的 start/stop/kill 管理代理连接；不会关闭或重启游戏世界。
[MCDR] [22:10:23] [TaskExecutor/INFO] [singleplayer_prime_backup]: Config file loaded
[MCDR] [22:10:23] [TaskExecutor/INFO] [singleplayer_prime_backup]: Prime Backup 1.13.1 singleplayer adapter ready (one bound world, confirmed saves and shutdown)
[MCDR] [22:10:23] [TaskExecutor/INFO]: Using server handler singleplayer_bridge_handler provided by singleplayer_bridge@0.2.0
[MCDR] [22:10:23] [TaskExecutor/INFO]: Loaded: [37m[2m3[0m plugins; Active plugin count: [37m[2m5[0m
[MCDR] [22:10:23] [MainThread/INFO]: Starting the server with command ['<local-path>', '<local-path>', '--config', '<local-path>']
[MCDR] [22:10:23] [MainThread/INFO]: Server is running at PID 39456
[Server] Waiting for the singleplayer bridge (loopback only)...
[Server] [22:10:23] [Bridge/INFO]: Minecraft 26.3 / <local-path> World (3)
[Server] [22:10:23] [Bridge/INFO]: [Bridge] Singleplayer world ready
[Server] [22:10:23] [Bridge/INFO]: Player0 joined the singleplayer world
[Server] [22:10:23] [Bridge/INFO]: Player0 has made the advancement [Diamonds!]
[Server] [22:10:23] [Bridge/INFO]: <Player0> !!pb make bridge-test
[MCDR] [22:10:23] [PB@1c4c-worker-heavy/INFO] [prime_backup]: [36m[PB][0m Creating backup, please wait
[Server] [22:10:23] [Bridge/INFO]: Command completed (result 1)
[Server] [22:10:23] [Bridge/INFO]: Automatic saving is now disabled
[Server] [22:10:23] [Bridge/INFO]: Saved the game
[MCDR] [22:10:23] [PB@1c4c-worker-heavy/INFO] [prime_backup]: Scanning file for backup creation at path '<local-path>', targets: ['New World (3)']
[MCDR] [22:10:23] [PB@1c4c-worker-heavy/INFO] [prime_backup]: Creating backup for ['New World (3)'] at path '<local-path>', file count 50 size 933.68KiB, timestamp 1790863823, creator 'player:Player0', comment 'bridge-test', tags {}
[MCDR] [22:10:24] [PB@1c4c-worker-heavy/INFO] [prime_backup]: Create backup #1 done, added 22 blobs, 0 chunks and 0 packs (size 76.93KiB / 933.02KiB)
[MCDR] [22:10:24] [PB@1c4c-worker-heavy/INFO] [prime_backup]: Time costs: save wait 0.09s, create backup 0.74s
[MCDR] [22:10:24] [PB@1c4c-worker-heavy/INFO] [prime_backup]: [36m[PB][0m Backup completed, ID [33m#1[0m, cost [93m0.83s[0m, total [92m933.68KiB[0m (+[92m76.93KiB[0m)
[Server] [22:10:24] [Bridge/INFO]: Command completed (result 1)
[Server] [22:10:24] [Bridge/INFO]: Automatic saving is now enabled
[Server] [22:10:24] [Bridge/INFO]: <Player0> !!pb list
[Server] [22:10:24] [Bridge/INFO]: Command completed (result 1)
[Server] [22:10:24] [Bridge/INFO]: Command completed (result 1)
[Server] [22:10:24] [Bridge/INFO]: Command completed (result 1)
[Server] [22:10:24] [Bridge/INFO]: Command completed (result 1)
[Server] [22:10:24] [Bridge/INFO]: <Player0> !!pb show 1
[Server] [22:10:24] [Bridge/INFO]: <Player0> !!pb export 1 zip
[MCDR] [22:10:24] [PB@1c4c-worker-heavy/INFO] [prime_backup]: Exporting backup Backup(id=1, timestamp=1790863823, timestamp_ns_part=883813300, creator='player:Player0', comment='bridge-test', targets=['New World (3)'], tags={}, fileset_id_base=1, fileset_id_delta=2, file_count=50, file_raw_size_sum=956085, file_stored_size_sum=79481) to zipfile <local-path>
[Server] [22:10:24] [Bridge/INFO]: Command completed (result 1)
[Server] [22:10:24] [Bridge/INFO]: Command completed (result 1)
[Server] [22:10:24] [Bridge/INFO]: Command completed (result 1)
[Server] [22:10:24] [Bridge/INFO]: Command completed (result 1)
[Server] [22:10:24] [Bridge/INFO]: Command completed (result 1)
[Server] [22:10:24] [Bridge/INFO]: Command completed (result 1)
[Server] [22:10:24] [Bridge/INFO]: Command completed (result 1)
[Server] [22:10:24] [Bridge/INFO]: Command completed (result 1)
[MCDR] [22:10:24] [PB@1c4c-worker-heavy/INFO] [prime_backup]: Export done
[Server] [22:10:24] [Bridge/INFO]: Command completed (result 1)
[MCDR] [22:10:24] [PB@1c4c-worker-heavy/ERROR] [prime_backup]: Task <prime_backup.mcdr.task.backup.create_backup_task.CreateBackupTask object at 0x000001F822412850> run error
Traceback (most recent call last):
  File "plugins\PrimeBackup-v1.13.1.pyz\prime_backup\mcdr\task_manager.py", line 117, in run_task
    ret = holder.task.run()
  File "plugins\singleplayer_prime_backup.mcdr\singleplayer_prime_backup\__init__.py", line 101, in run
    world = preflight(task, restore=restoring)
  File "plugins\singleplayer_prime_backup.mcdr\singleplayer_prime_backup\__init__.py", line 37, in preflight
    raise RuntimeError('World paused; resume the game before creating a backup')
RuntimeError: World paused; resume the game before creating a backup
[MCDR] [22:10:24] [PB@1c4c-worker-heavy/INFO]: [36m[PB][0m [91mTask [0m[91m[96mcreate backup[0m[0m[91m execution error, see console for more error[0m
[MCDR] [22:10:25] [TaskExecutor/INFO]: Reloading plugin prime_backup@1.13.1
[MCDR] [22:10:25] [TaskExecutor/INFO]: Collected 1x extra plugins for reload due to dependency associations: singleplayer_prime_backup@0.2.0
[MCDR] [22:10:25] [TaskExecutor/INFO]: Plugin singleplayer_prime_backup@0.2.0 unloaded
[MCDR] [22:10:25] [TaskExecutor/INFO] [prime_backup]: Shutting down everything...
[MCDR] [22:10:25] [PB@1c4c-shutdown/INFO] [prime_backup]: Scheduler has been shut down
[MCDR] [22:10:25] [PB@1c4c-worker-heavy/INFO] [prime_backup]: Worker heavy stopped
[MCDR] [22:10:25] [PB@1c4c-worker-light/INFO] [prime_backup]: Worker light stopped
[MCDR] [22:10:25] [TaskExecutor/INFO] [prime_backup]: Shutdown completes
[MCDR] [22:10:25] [TaskExecutor/INFO]: Plugin prime_backup@1.13.1 unloaded
[MCDR] [22:10:25] [TaskExecutor/INFO]: Plugin prime_backup@1.13.1 reloaded
[MCDR] [22:10:25] [TaskExecutor/INFO]: Plugin singleplayer_prime_backup@0.2.0 reloaded
[MCDR] [22:10:26] [TaskExecutor/INFO] [prime_backup]: Config file loaded
[MCDR] [22:10:26] [PB@e8be-worker-heavy/INFO] [prime_backup]: Worker heavy started
[MCDR] [22:10:26] [PB@e8be-worker-light/INFO] [prime_backup]: Worker light started
[MCDR] [22:10:26] [PB@e8be-crontab-scheduler/INFO] [prime_backup]: Scheduler started
[MCDR] [22:10:26] [PB@e8be-init/INFO] [prime_backup]: Added job "CreateDbBackupJob.run" to job store "default"
[MCDR] [22:10:26] [PB@e8be-init/INFO] [prime_backup]: Added job "PruneBackupJob.run" to job store "default"
[MCDR] [22:10:26] [PB@e8be-init/INFO] [prime_backup]: Added job "VacuumSqliteJob.run" to job store "default"
[MCDR] [22:10:26] [PB@e8be-init/INFO] [prime_backup]: Added job "CompactPackJob.run" to job store "default"
[MCDR] [22:10:26] [TaskExecutor/INFO] [singleplayer_prime_backup]: Config file loaded
[MCDR] [22:10:26] [TaskExecutor/INFO] [singleplayer_prime_backup]: Prime Backup 1.13.1 singleplayer adapter ready (one bound world, confirmed saves and shutdown)
[MCDR] [22:10:26] [TaskExecutor/INFO]: Reload "[93mprime_backup@1.13.1[0m" [92msuccessfully[0m
[MCDR] [22:10:26] [TaskExecutor/INFO]: Reloaded: [37m[2m2[0m plugins; Active plugin count: [37m[2m5[0m
[MCDR] [22:10:26] [TaskExecutor/INFO] [prime_backup]: Inherited data from previous online player counter: valid ['*Player0'], ignored []
[MCDR] [22:10:26] [TaskExecutor/INFO]: Stopping the server
[MCDR] [22:10:26] [MainThread/INFO]: Server process stopped with code 0
[MCDR] [22:10:26] [MainThread/INFO]: Server stopped
[MCDR] [22:10:26] [PB@e8be-worker-heavy/ERROR] [prime_backup]: Task <prime_backup.mcdr.task.backup.restore_backup_task.RestoreBackupTask object at 0x000001F822317E00> run error
Traceback (most recent call last):
  File "plugins\singleplayer_prime_backup.mcdr\singleplayer_prime_backup\guards.py", line 39, in check_unlocked
    msvcrt.locking(stream.fileno(), msvcrt.LK_NBLCK, 1)
    ~~~~~~~~~~~~~~^^^^^^^^^^^^^^^^^^^^^^^^^^^^^^^^^^^^^
PermissionError: [Errno 13] Permission denied

The above exception was the direct cause of the following exception:

Traceback (most recent call last):
  File "plugins\PrimeBackup-v1.13.1.pyz\prime_backup\mcdr\task_manager.py", line 117, in run_task
    ret = holder.task.run()
  File "plugins\singleplayer_prime_backup.mcdr\singleplayer_prime_backup\__init__.py", line 101, in run
    world = preflight(task, restore=restoring)
  File "plugins\singleplayer_prime_backup.mcdr\singleplayer_prime_backup\__init__.py", line 39, in preflight
    check_unlocked(world)
    ~~~~~~~~~~~~~~^^^^^^^
  File "plugins\singleplayer_prime_backup.mcdr\singleplayer_prime_backup\guards.py", line 46, in check_unlocked
    raise RuntimeError('World session.lock is still held; save and quit before restoring') from exc
RuntimeError: World session.lock is still held; save and quit before restoring
[MCDR] [22:10:26] [PB@e8be-worker-heavy/INFO]: [36m[PB][0m [91mTask [0m[91m[96mrestore backup[0m[0m[91m execution error, see console for more error[0m
[MCDR] [22:10:26] [TaskExecutor/INFO]: Starting the server with command ['<local-path>', '<local-path>', '--config', '<local-path>']
[MCDR] [22:10:26] [TaskExecutor/INFO]: Server is running at PID 38080
[MCDR] [22:10:26] [TaskExecutor/INFO]: Starting the server
[Server] Waiting for the singleplayer bridge (loopback only)...
[Server] [22:10:27] [Bridge/INFO]: Minecraft 26.3 / <local-path> World (3)
[Server] [22:10:27] [Bridge/INFO]: [Bridge] Singleplayer world ready
[Server] [22:10:27] [Bridge/INFO]: Player0 joined the singleplayer world
[Server] [22:10:27] [Bridge/INFO]: <Player0> !!pb back 1
[MCDR] [22:10:27] [PB@e8be-worker-heavy/INFO] [prime_backup]: [36m[PB][0m Gonna restore the world to backup [33m#1[0m: bridge-test
[Server] [22:10:27] [Bridge/INFO]: Command completed (result 1)
[Server] [22:10:27] [Bridge/INFO]: Command completed (result 1)
[Server] [22:10:27] [Bridge/INFO]: <Player0> !!pb confirm
[MCDR] [22:10:27] [PB@e8be-worker-heavy/INFO] [prime_backup]: [36m[PB][0m [91m!!! [0m1 second later, the world will [91mbe restored[0m to backup [33m#1[0m: bridge-test
[Server] [22:10:27] [Bridge/INFO]: Command completed (result 1)
[Server] [22:10:27] [Bridge/INFO]: Command completed (result 1)
[Server] [22:10:28] [Bridge/INFO]: Saving and closing the singleplayer world
[Server] [22:10:28] [Bridge/INFO]: Player0 left the singleplayer world
[MCDR] [22:10:28] [PB@e8be-worker-heavy/INFO] [prime_backup]: Wait for server to stop
[Server] [22:10:28] [Bridge/INFO]: Player0 left the game
[Server] [22:10:28] [Bridge/INFO]: [Bridge] World closed; control session ended
[MCDR] [22:10:28] [MainThread/INFO]: Server process stopped with code 0
[MCDR] [22:10:28] [MainThread/INFO]: Server stopped
[MCDR] [22:10:28] [PB@e8be-worker-heavy/INFO] [prime_backup]: Creating backup of existing files to avoid idiot
[MCDR] [22:10:28] [PB@e8be-worker-heavy/INFO] [prime_backup]: Scanning file for backup creation at path '<local-path>', targets: ['New World (3)']
[MCDR] [22:10:28] [PB@e8be-worker-heavy/INFO] [prime_backup]: Creating backup for ['New World (3)'] at path '<local-path>', file count 51 size 5.39MiB, timestamp 1790863828, creator 'prime_backup:pre_restore', comment '__pb_translated__:pre_restore:1', tags {'temporary': True}
[MCDR] [22:10:29] [PB@e8be-worker-heavy/INFO] [prime_backup]: Create backup #2 done, added 10 blobs, 0 chunks and 0 packs (size 169.16KiB / 5.39MiB)
[MCDR] [22:10:29] [PB@e8be-worker-heavy/INFO] [prime_backup]: Restoring to backup #1 (fail_soft=False, verify_blob=True)
[MCDR] [22:10:29] [PB@e8be-worker-heavy/INFO] [prime_backup]: Exporting Backup(id=1, timestamp=1790863823, timestamp_ns_part=883813300, creator='player:Player0', comment='bridge-test', targets=['New World (3)'], tags={}, fileset_id_base=1, fileset_id_delta=2, file_count=50, file_raw_size_sum=956085, file_stored_size_sum=79481) to directory <local-path>
[MCDR] [22:10:29] [PB@e8be-worker-heavy/INFO] [prime_backup]: Export done
[MCDR] [22:10:29] [PB@e8be-worker-heavy/INFO] [prime_backup]: Restore to backup #1 done, cost 0.87s (backup 0.63s, restore 0.23s), starting the server
[MCDR] [22:10:29] [PB@e8be-worker-heavy/INFO] [prime_backup]: 单人存档回档完成。请在 Minecraft 中手动进入原世界，再执行 !!MCDR server start 连接。
[MCDR] [22:10:30] [TaskExecutor/INFO]: Starting the server with command ['<local-path>', '<local-path>', '--config', '<local-path>']
[MCDR] [22:10:30] [TaskExecutor/INFO]: Server is running at PID 2408
[MCDR] [22:10:30] [TaskExecutor/INFO]: Starting the server
[Server] Waiting for the singleplayer bridge (loopback only)...
[Server] [22:10:31] [Bridge/INFO]: Minecraft 26.3 / <local-path> World (3)
[Server] [22:10:31] [Bridge/INFO]: [Bridge] Singleplayer world ready
[Server] [22:10:31] [Bridge/INFO]: Player0 joined the singleplayer world
[Server] [22:10:31] [Bridge/INFO]: <Player0> !!pb show 1
[Server] [22:10:31] [Bridge/INFO]: Command completed (result 1)
[Server] [22:10:31] [Bridge/INFO]: Command completed (result 1)
[Server] [22:10:31] [Bridge/INFO]: Command completed (result 1)
[Server] [22:10:31] [Bridge/INFO]: Command completed (result 1)
[Server] [22:10:31] [Bridge/INFO]: Command completed (result 1)
[Server] [22:10:31] [Bridge/INFO]: Command completed (result 1)
[Server] [22:10:31] [Bridge/INFO]: Command completed (result 1)
[Server] [22:10:31] [Bridge/INFO]: Player0 left the singleplayer world
[Server] [22:10:31] [Bridge/INFO]: Player0 left the game
[Server] [22:10:31] [Bridge/INFO]: [Bridge] World closed; control session ended
[MCDR] [22:10:31] [MainThread/INFO]: Server process stopped with code 0
[MCDR] [22:10:31] [MainThread/INFO]: Server stopped
[MCDR] [22:10:32] [TaskExecutor/INFO]: Exiting MCDR
[MCDR] [22:10:32] [MainThread/INFO]: Stopping MCDR
[MCDR] [22:10:32] [TaskExecutor/INFO] [prime_backup]: Shutting down everything...
[MCDR] [22:10:32] [PB@e8be-shutdown/INFO] [prime_backup]: Scheduler has been shut down
[MCDR] [22:10:32] [PB@e8be-worker-heavy/INFO] [prime_backup]: Worker heavy stopped
[MCDR] [22:10:32] [PB@e8be-worker-light/INFO] [prime_backup]: Worker light stopped
[MCDR] [22:10:32] [TaskExecutor/INFO] [prime_backup]: Shutdown completes
[MCDR] [22:10:32] [MainThread/INFO]: bye
