MCDReforged 2.16.0 is starting up
MCDReforged is open source, u can find it here: https://github.com/MCDReforged/MCDReforged
[MCDR] [22:17:02] [MainThread/INFO]: Language is set to en_us
[MCDR] [22:17:02] [MainThread/INFO]: Encoding / Decoding method has set to utf8 / utf8
[MCDR] [22:17:02] [MainThread/INFO]: Server handler is set to vanilla_handler
[MCDR] [22:17:02] [MainThread/INFO]: Plugin directory list:
[MCDR] [22:17:02] [MainThread/INFO]: - plugins
[MCDR] [22:17:02] [MainThread/INFO]: MCDReforged 2.16.0 is starting
[MCDR] [22:17:02] [MainThread/INFO]: MCDReforged is running on Python 3.14.5 environment
[MCDR] [22:17:02] [TaskExecutor/INFO]: Refreshing all plugins
[MCDR] [22:17:02] [TaskExecutor/INFO]: Plugin prime_backup@1.13.1 loaded
[MCDR] [22:17:02] [TaskExecutor/INFO]: Plugin singleplayer_bridge@0.2.0 loaded
[MCDR] [22:17:02] [TaskExecutor/INFO]: Plugin singleplayer_prime_backup@0.2.0 loaded
[MCDR] [22:17:04] [TaskExecutor/INFO] [prime_backup]: Config file loaded
[MCDR] [22:17:04] [PB@71c6-worker-heavy/INFO] [prime_backup]: Worker heavy started
[MCDR] [22:17:04] [PB@71c6-worker-light/INFO] [prime_backup]: Worker light started
[MCDR] [22:17:04] [PB@71c6-crontab-scheduler/INFO] [prime_backup]: Scheduler started
[MCDR] [22:17:04] [PB@71c6-init/INFO] [prime_backup]: Added job "CreateDbBackupJob.run" to job store "default"
[MCDR] [22:17:04] [PB@71c6-init/INFO] [prime_backup]: Added job "PruneBackupJob.run" to job store "default"
[MCDR] [22:17:04] [PB@71c6-init/INFO] [prime_backup]: Added job "VacuumSqliteJob.run" to job store "default"
[MCDR] [22:17:04] [PB@71c6-init/INFO] [prime_backup]: Added job "CompactPackJob.run" to job store "default"
[MCDR] [22:17:04] [TaskExecutor/INFO] [singleplayer_bridge]: 单人桥接已加载。MCDR 的 start/stop/kill 管理代理连接；不会关闭或重启游戏世界。
[MCDR] [22:17:04] [TaskExecutor/INFO] [singleplayer_prime_backup]: Config file loaded
[MCDR] [22:17:04] [TaskExecutor/INFO] [singleplayer_prime_backup]: Prime Backup 1.13.1 singleplayer adapter ready (one bound world, confirmed saves and shutdown)
[MCDR] [22:17:04] [TaskExecutor/INFO]: Using server handler singleplayer_bridge_handler provided by singleplayer_bridge@0.2.0
[MCDR] [22:17:04] [TaskExecutor/INFO]: Loaded: [37m[2m3[0m plugins; Active plugin count: [37m[2m5[0m
[MCDR] [22:17:04] [MainThread/INFO]: Server start skipped
[MCDR] [22:17:04] [PB@71c6-worker-light/INFO]: [36m[PB][0m [37m[2m======== [0mBackup [33m#1[0m[37m[2m ========[0m
[MCDR] [22:17:04] [PB@71c6-worker-light/INFO]: [36m[PB][0m Creation date: [96m2026-10-01 22:15:07[0m
[MCDR] [22:17:04] [PB@71c6-worker-light/INFO]: [36m[PB][0m Comment: release-smoke
[MCDR] [22:17:04] [PB@71c6-worker-light/INFO]: [36m[PB][0m Size (stored): [92m174.90KiB[0m ([32m3.2%[0m)
[MCDR] [22:17:04] [PB@71c6-worker-light/INFO]: [36m[PB][0m Size (raw): [92m5.39MiB[0m
[MCDR] [22:17:04] [PB@71c6-worker-light/INFO]: [36m[PB][0m Creator: Console
[MCDR] [22:17:04] [PB@71c6-worker-light/INFO]: [36m[PB][0m Tags: [37m[2mempty[0m
[MCDR] [22:17:04] [PB@71c6-worker-heavy/INFO] [prime_backup]: [36m[PB][0m Gonna restore the world to backup [33m#1[0m: release-smoke
[MCDR] [22:17:04] [PB@71c6-worker-heavy/INFO] [prime_backup]: Found an already-stopped server
[MCDR] [22:17:04] [PB@71c6-worker-heavy/INFO] [prime_backup]: Creating backup of existing files to avoid idiot
[MCDR] [22:17:04] [PB@71c6-worker-heavy/INFO] [prime_backup]: Scanning file for backup creation at path '<local-path>', targets: ['release-test-world']
[MCDR] [22:17:04] [PB@71c6-worker-heavy/INFO] [prime_backup]: Creating backup for ['release-test-world'] at path '<local-path>', file count 51 size 5.39MiB, timestamp 1790864224, creator 'prime_backup:pre_restore', comment '__pb_translated__:pre_restore:1', tags {'temporary': True}
[MCDR] [22:17:04] [PB@71c6-worker-heavy/INFO] [prime_backup]: Create backup #2 done, added 1 blobs, 0 chunks and 0 packs (size 32.00B / 32.00B)
[MCDR] [22:17:04] [PB@71c6-worker-heavy/INFO] [prime_backup]: Restoring to backup #1 (fail_soft=False, verify_blob=True)
[MCDR] [22:17:04] [PB@71c6-worker-heavy/INFO] [prime_backup]: Exporting Backup(id=1, timestamp=1790864107, timestamp_ns_part=784575000, creator='console:', comment='release-smoke', targets=['release-test-world'], tags={}, fileset_id_base=1, fileset_id_delta=2, file_count=51, file_raw_size_sum=5657001, file_stored_size_sum=179102) to directory <local-path>
[MCDR] [22:17:04] [PB@71c6-worker-heavy/INFO] [prime_backup]: Export done
[MCDR] [22:17:04] [PB@71c6-worker-heavy/INFO] [prime_backup]: Restore to backup #1 done, cost 0.33s (backup 0.21s, restore 0.12s)
[MCDR] [22:17:04] [PB@71c6-worker-heavy/INFO] [prime_backup]: [36m[PB][0m Creating backup, please wait
[MCDR] [22:17:04] [PB@71c6-worker-heavy/INFO] [prime_backup]: Scanning file for backup creation at path '<local-path>', targets: ['release-test-world']
[MCDR] [22:17:04] [PB@71c6-worker-heavy/INFO] [prime_backup]: Creating backup for ['release-test-world'] at path '<local-path>', file count 51 size 5.39MiB, timestamp 1790864224, creator 'console:', comment 'after-release-restore', tags {}
[MCDR] [22:17:05] [PB@71c6-worker-heavy/INFO] [prime_backup]: Create backup #3 done, added 0 blobs, 0 chunks and 0 packs (size 0.00B / 0.00B)
[MCDR] [22:17:05] [PB@71c6-worker-heavy/INFO] [prime_backup]: Time costs: save wait 0.0s, create backup 0.4s
[MCDR] [22:17:05] [PB@71c6-worker-heavy/INFO] [prime_backup]: [36m[PB][0m Backup completed, ID [33m#3[0m, cost [93m0.4s[0m, total [92m5.39MiB[0m (+[92m0.00B[0m)
[MCDR] [22:17:05] [TaskExecutor/INFO]: Exiting MCDR
[MCDR] [22:17:05] [MainThread/INFO]: Stopping MCDR
[MCDR] [22:17:05] [TaskExecutor/INFO] [prime_backup]: Shutting down everything...
[MCDR] [22:17:05] [PB@71c6-shutdown/INFO] [prime_backup]: Scheduler has been shut down
[MCDR] [22:17:05] [PB@71c6-worker-heavy/INFO] [prime_backup]: Worker heavy stopped
[MCDR] [22:17:05] [PB@71c6-worker-light/INFO] [prime_backup]: Worker light stopped
[MCDR] [22:17:05] [TaskExecutor/INFO] [prime_backup]: Shutdown completes
[MCDR] [22:17:05] [MainThread/INFO]: bye
