Initialized environment for MCDReforged in <local-path>
MCDReforged 2.16.0 is starting up
MCDReforged is open source, u can find it here: https://github.com/MCDReforged/MCDReforged
[MCDR] [21:45:39] [MainThread/INFO]: Language is set to en_us
[MCDR] [21:45:39] [MainThread/INFO]: Encoding / Decoding method has set to utf8 / utf8
[MCDR] [21:45:39] [MainThread/INFO]: Server handler is set to vanilla_handler
[MCDR] [21:45:39] [MainThread/INFO]: Plugin directory list:
[MCDR] [21:45:39] [MainThread/INFO]: - plugins
[MCDR] [21:45:39] [MainThread/INFO]: MCDReforged 2.16.0 is starting
[MCDR] [21:45:39] [MainThread/INFO]: MCDReforged is running on Python 3.14.5 environment
[MCDR] [21:45:39] [TaskExecutor/INFO]: Refreshing all plugins
[MCDR] [21:45:39] [TaskExecutor/INFO]: Plugin prime_backup@1.13.1 loaded
[MCDR] [21:45:39] [TaskExecutor/INFO]: Plugin singleplayer_bridge@0.1.0 loaded
[MCDR] [21:45:40] [TaskExecutor/INFO] [prime_backup]: Config file loaded
[MCDR] [21:45:40] [PB@8808-init/INFO] [prime_backup]: Table db_meta does not exist, assuming newly created db, create everything
[MCDR] [21:45:41] [PB@8808-worker-heavy/INFO] [prime_backup]: Worker heavy started
[MCDR] [21:45:41] [PB@8808-worker-light/INFO] [prime_backup]: Worker light started
[MCDR] [21:45:41] [PB@8808-crontab-scheduler/INFO] [prime_backup]: Scheduler started
[MCDR] [21:45:41] [PB@8808-init/INFO] [prime_backup]: Added job "CreateDbBackupJob.run" to job store "default"
[MCDR] [21:45:41] [PB@8808-init/INFO] [prime_backup]: Added job "PruneBackupJob.run" to job store "default"
[MCDR] [21:45:41] [PB@8808-init/INFO] [prime_backup]: Added job "VacuumSqliteJob.run" to job store "default"
[MCDR] [21:45:41] [PB@8808-init/INFO] [prime_backup]: Added job "CompactPackJob.run" to job store "default"
[MCDR] [21:45:41] [TaskExecutor/INFO] [singleplayer_bridge]: 单人桥接已加载。MCDR 的 start/stop/kill 管理代理连接；不会关闭或重启游戏世界。
[MCDR] [21:45:41] [TaskExecutor/INFO]: Using server handler singleplayer_bridge_handler provided by singleplayer_bridge@0.1.0
[MCDR] [21:45:41] [TaskExecutor/INFO]: Loaded: [37m[2m2[0m plugins; Active plugin count: [37m[2m4[0m
[MCDR] [21:45:41] [MainThread/INFO]: Starting the server with command ['<local-path>', '<local-path>', '--config', '<local-path>']
[MCDR] [21:45:41] [MainThread/INFO]: Server is running at PID 40800
[Server] Waiting for the singleplayer bridge (loopback only)...
[Server] [21:45:41] [Bridge/INFO]: Minecraft 26.3 / <local-path> World (3)
[Server] [21:45:41] [Bridge/INFO]: [Bridge] Singleplayer world ready
[Server] [21:45:41] [Bridge/INFO]: Player0 joined the singleplayer world
[Server] [21:45:41] [Bridge/INFO]: <Player0> !!pb make bridge-test
[MCDR] [21:45:41] [PB@8808-worker-heavy/INFO] [prime_backup]: [36m[PB][0m Creating backup, please wait
[Server] [21:45:41] [Bridge/INFO]: Command completed (result 1)
[Server] [21:45:41] [Bridge/WARNING]: Unknown or incomplete command. See below for error
save-off<--[HERE]
[Server] [21:45:41] [Bridge/WARNING]: Unknown or incomplete command. See below for error
save-all flush<--[HERE]
[MCDR] [21:45:44] [PB@8808-worker-heavy/INFO] [prime_backup]: [36m[PB][0m [91mWaiting for the world to save timed out, aborting backup task[0m
[Server] [21:45:44] [Bridge/INFO]: Command completed (result 1)
[Server] [21:45:44] [Bridge/WARNING]: Unknown or incomplete command. See below for error
save-on<--[HERE]
[MCDR] [21:45:44] [TaskExecutor/INFO]: Stopping the server and exiting MCDR
[MCDR] [21:45:44] [MainThread/INFO]: Server process stopped with code 0
[MCDR] [21:45:44] [MainThread/INFO]: Server stopped
[MCDR] [21:45:44] [MainThread/INFO]: Stopping MCDR
[MCDR] [21:45:44] [TaskExecutor/INFO] [prime_backup]: Shutting down everything...
[MCDR] [21:45:44] [PB@8808-shutdown/INFO] [prime_backup]: Scheduler has been shut down
[MCDR] [21:45:44] [PB@8808-worker-heavy/INFO] [prime_backup]: Worker heavy stopped
[MCDR] [21:45:44] [PB@8808-worker-light/INFO] [prime_backup]: Worker light stopped
[MCDR] [21:45:44] [TaskExecutor/INFO] [prime_backup]: Shutdown completes
[MCDR] [21:45:44] [MainThread/INFO]: bye
